Mapping caricato: 1818 SKU trovati nel CSV
SKU con immagine risolta senza ambiguita': 3997
SKU con file candidati ambigui (esclusi da questo giro): 22
SKU del catalogo senza nessuna immagine: 307 (vedi sku_senza_immagine.csv)
Immagini da caricare in questo giro: 274
[1/274] /Users/anna.nardi/Library/CloudStorage/OneDrive-Raccoltecondivise-DuckyNetworkS.r.l/E-Commerce - FOTO PRODOTTO 2019_2022_2023_2024_2025/DISCHI/SK2/WK066L.jpg -> SKU WK066L -> uid 41160583: OK
[2/274] /Users/anna.nardi/Library/CloudStorage/OneDrive-Raccoltecondivise-DuckyNetworkS.r.l/E-Commerce - FOTO PRODOTTO 2019_2022_2023_2024_2025/DISCHI/SK2/WK066R.jpg -> SKU WK066R -> uid 41160584: OK
[3/274] /Users/anna.nardi/Library/CloudStorage/OneDrive-Raccoltecondivise-DuckyNetworkS.r.l/E-Commerce - FOTO PRODOTTO 2019_2022_2023_2024_2025/DISCHI/SK2/WK067L.jpg -> SKU WK067L -> uid 41160585: OK
[4/274] /Users/anna.nardi/Library/CloudStorage/OneDrive-Raccoltecondivise-DuckyNetworkS.r.l/E-Commerce - FOTO PRODOTTO 2019_2022_2023_2024_2025/DISCHI/SK2/WK067R.jpg -> SKU WK067R -> uid 41160586: OK
[5/274] /Users/anna.nardi/Library/CloudStorage/OneDrive-Raccoltecondivise-DuckyNetworkS.r.l/E-Commerce - FOTO PRODOTTO 2019_2022_2023_2024_2025/DISCHI/SK2/WK068L.jpg -> SKU WK068L -> uid 41160587: OK
[6/274] /Users/anna.nardi/Library/CloudStorage/OneDrive-Raccoltecondivise-DuckyNetworkS.r.l/E-Commerce - FOTO PRODOTTO 2019_2022_2023_2024_2025/DISCHI/SK2/WK068R.jpg -> SKU WK068R -> uid 41160588: OK
[7/274] /Users/anna.nardi/Library/CloudStorage/OneDrive-Raccoltecondivise-DuckyNetworkS.r.l/E-Commerce - FOTO PRODOTTO 2019_2022_2023_2024_2025/DISCHI/SK2/WK069L.jpg -> SKU WK069L -> uid 41160589: OK
[8/274] /Users/anna.nardi/Library/CloudStorage/OneDrive-Raccoltecondivise-DuckyNetworkS.r.l/E-Commerce - FOTO PRODOTTO 2019_2022_2023_2024_2025/DISCHI/SK2/WK069R.jpg -> SKU WK069R -> uid 41160590: OK
[9/274] /Users/anna.nardi/Library/CloudStorage/OneDrive-Raccoltecondivise-DuckyNetworkS.r.l/E-Commerce - FOTO PRODOTTO 2019_2022_2023_2024_2025/DISCHI/SK2/WK070L.jpg -> SKU WK070L -> uid 41160591: OK
[10/274] /Users/anna.nardi/Library/CloudStorage/OneDrive-Raccoltecondivise-DuckyNetworkS.r.l/E-Commerce - FOTO PRODOTTO 2019_2022_2023_2024_2025/DISCHI/SK2/WK070R.jpg -> SKU WK070R -> uid 41160592: OK
[11/274] /Users/anna.nardi/Library/CloudStorage/OneDrive-Raccoltecondivise-DuckyNetworkS.r.l/E-Commerce - FOTO PRODOTTO 2019_2022_2023_2024_2025/DISCHI/SK2/WK071L.jpg -> SKU WK071L -> uid 41160593: OK
[12/274] /Users/anna.nardi/Library/CloudStorage/OneDrive-Raccoltecondivise-DuckyNetworkS.r.l/E-Commerce - FOTO PRODOTTO 2019_2022_2023_2024_2025/DISCHI/SK2/WK071R.jpg -> SKU WK071R -> uid 41160594: OK
[13/274] /Users/anna.nardi/Library/CloudStorage/OneDrive-Raccoltecondivise-DuckyNetworkS.r.l/E-Commerce - FOTO PRODOTTO 2019_2022_2023_2024_2025/DISCHI/SK2/WK073L.jpg -> SKU WK073L -> uid 41160595: OK
[14/274] /Users/anna.nardi/Library/CloudStorage/OneDrive-Raccoltecondivise-DuckyNetworkS.r.l/E-Commerce - FOTO PRODOTTO 2019_2022_2023_2024_2025/DISCHI/SK2/WK073R.jpg -> SKU WK073R -> uid 41160596: OK
[15/274] /Users/anna.nardi/Library/CloudStorage/OneDrive-Raccoltecondivise-DuckyNetworkS.r.l/E-Commerce - FOTO PRODOTTO 2019_2022_2023_2024_2025/DISCHI/SK2/WK074L.jpg -> SKU WK074L -> uid 41160597: OK
[16/274] /Users/anna.nardi/Library/CloudStorage/OneDrive-Raccoltecondivise-DuckyNetworkS.r.l/E-Commerce - FOTO PRODOTTO 2019_2022_2023_2024_2025/DISCHI/SK2/WK076L.jpg -> SKU WK076L -> uid 41160598: OK
[17/274] /Users/anna.nardi/Library/CloudStorage/OneDrive-Raccoltecondivise-DuckyNetworkS.r.l/E-Commerce - FOTO PRODOTTO 2019_2022_2023_2024_2025/DISCHI/SK2/WK076R.jpg -> SKU WK076R -> uid 41160599: OK
[18/274] /Users/anna.nardi/Library/CloudStorage/OneDrive-Raccoltecondivise-DuckyNetworkS.r.l/E-Commerce - FOTO PRODOTTO 2019_2022_2023_2024_2025/DISCHI/SK2/WK077L.jpg -> SKU WK077L -> uid 41160600: OK
[19/274] /Users/anna.nardi/Library/CloudStorage/OneDrive-Raccoltecondivise-DuckyNetworkS.r.l/E-Commerce - FOTO PRODOTTO 2019_2022_2023_2024_2025/DISCHI/SK2/WK078L.jpg -> SKU WK078L -> uid 41160601: OK
[20/274] /Users/anna.nardi/Library/CloudStorage/OneDrive-Raccoltecondivise-DuckyNetworkS.r.l/E-Commerce - FOTO PRODOTTO 2019_2022_2023_2024_2025/DISCHI/SK2/WK078R.jpg -> SKU WK078R -> uid 41160602: OK
[21/274] /Users/anna.nardi/Library/CloudStorage/OneDrive-Raccoltecondivise-DuckyNetworkS.r.l/E-Commerce - FOTO PRODOTTO 2019_2022_2023_2024_2025/DISCHI/SK2/WK079L.jpg -> SKU WK079L -> uid 41160603: OK
[22/274] /Users/anna.nardi/Library/CloudStorage/OneDrive-Raccoltecondivise-DuckyNetworkS.r.l/E-Commerce - FOTO PRODOTTO 2019_2022_2023_2024_2025/DISCHI/SK2/WK083L.jpg -> SKU WK083L -> uid 41160604: OK
[23/274] /Users/anna.nardi/Library/CloudStorage/OneDrive-Raccoltecondivise-DuckyNetworkS.r.l/E-Commerce - FOTO PRODOTTO 2019_2022_2023_2024_2025/DISCHI/SK2/WK083R.jpg -> SKU WK083R -> uid 41160605: OK
[24/274] /Users/anna.nardi/Library/CloudStorage/OneDrive-Raccoltecondivise-DuckyNetworkS.r.l/E-Commerce - FOTO PRODOTTO 2019_2022_2023_2024_2025/DISCHI/SK2/WK086L.jpg -> SKU WK086L -> uid 41160606: OK
[25/274] /Users/anna.nardi/Library/CloudStorage/OneDrive-Raccoltecondivise-DuckyNetworkS.r.l/E-Commerce - FOTO PRODOTTO 2019_2022_2023_2024_2025/DISCHI/SK2/WK087L.jpg -> SKU WK087L -> uid 41160607: OK
[26/274] /Users/anna.nardi/Library/CloudStorage/OneDrive-Raccoltecondivise-DuckyNetworkS.r.l/E-Commerce - FOTO PRODOTTO 2019_2022_2023_2024_2025/DISCHI/SK2/WK089L.jpg -> SKU WK089L -> uid 41160608: OK
[27/274] /Users/anna.nardi/Library/CloudStorage/OneDrive-Raccoltecondivise-DuckyNetworkS.r.l/E-Commerce - FOTO PRODOTTO 2019_2022_2023_2024_2025/DISCHI/SK2/WK089R.jpg -> SKU WK089R -> uid 41160609: OK
[28/274] /Users/anna.nardi/Library/CloudStorage/OneDrive-Raccoltecondivise-DuckyNetworkS.r.l/E-Commerce - FOTO PRODOTTO 2019_2022_2023_2024_2025/DISCHI/SK2/WK090L.jpg -> SKU WK090L -> uid 41160610: OK
[29/274] /Users/anna.nardi/Library/CloudStorage/OneDrive-Raccoltecondivise-DuckyNetworkS.r.l/E-Commerce - FOTO PRODOTTO 2019_2022_2023_2024_2025/DISCHI/SK2/WK090R.jpg -> SKU WK090R -> uid 41160611: OK
[30/274] /Users/anna.nardi/Library/CloudStorage/OneDrive-Raccoltecondivise-DuckyNetworkS.r.l/E-Commerce - FOTO PRODOTTO 2019_2022_2023_2024_2025/DISCHI/SK2/WK092L.jpg -> SKU WK092L -> uid 41160612: OK
[31/274] /Users/anna.nardi/Library/CloudStorage/OneDrive-Raccoltecondivise-DuckyNetworkS.r.l/E-Commerce - FOTO PRODOTTO 2019_2022_2023_2024_2025/DISCHI/SK2/WK092R.jpg -> SKU WK092R -> uid 41160613: OK
[32/274] /Users/anna.nardi/Library/CloudStorage/OneDrive-Raccoltecondivise-DuckyNetworkS.r.l/E-Commerce - FOTO PRODOTTO 2019_2022_2023_2024_2025/DISCHI/SK2/WK093L.jpg -> SKU WK093L -> uid 41160614: OK
[33/274] /Users/anna.nardi/Library/CloudStorage/OneDrive-Raccoltecondivise-DuckyNetworkS.r.l/E-Commerce - FOTO PRODOTTO 2019_2022_2023_2024_2025/DISCHI/SK2/WK093R.jpg -> SKU WK093R -> uid 41160615: OK
[34/274] /Users/anna.nardi/Library/CloudStorage/OneDrive-Raccoltecondivise-DuckyNetworkS.r.l/E-Commerce - FOTO PRODOTTO 2019_2022_2023_2024_2025/DISCHI/SK2/WK094L.jpg -> SKU WK094L -> uid 41160616: OK
[35/274] /Users/anna.nardi/Library/CloudStorage/OneDrive-Raccoltecondivise-DuckyNetworkS.r.l/E-Commerce - FOTO PRODOTTO 2019_2022_2023_2024_2025/DISCHI/SK2/WK094R.jpg -> SKU WK094R -> uid 41160617: OK
[36/274] /Users/anna.nardi/Library/CloudStorage/OneDrive-Raccoltecondivise-DuckyNetworkS.r.l/E-Commerce - FOTO PRODOTTO 2019_2022_2023_2024_2025/DISCHI/SK2/WK095L.jpg -> SKU WK095L -> uid 41160618: OK
[37/274] /Users/anna.nardi/Library/CloudStorage/OneDrive-Raccoltecondivise-DuckyNetworkS.r.l/E-Commerce - FOTO PRODOTTO 2019_2022_2023_2024_2025/DISCHI/SK2/WK095R.jpg -> SKU WK095R -> uid 41160619: OK
[38/274] /Users/anna.nardi/Library/CloudStorage/OneDrive-Raccoltecondivise-DuckyNetworkS.r.l/E-Commerce - FOTO PRODOTTO 2019_2022_2023_2024_2025/DISCHI/SK2/WK096L.jpg -> SKU WK096L -> uid 41160620: OK
[39/274] /Users/anna.nardi/Library/CloudStorage/OneDrive-Raccoltecondivise-DuckyNetworkS.r.l/E-Commerce - FOTO PRODOTTO 2019_2022_2023_2024_2025/DISCHI/SK2/WK096R.jpg -> SKU WK096R -> uid 41160621: OK
[40/274] /Users/anna.nardi/Library/CloudStorage/OneDrive-Raccoltecondivise-DuckyNetworkS.r.l/E-Commerce - FOTO PRODOTTO 2019_2022_2023_2024_2025/DISCHI/SK2/WK097L.jpg -> SKU WK097L -> uid 41160622: OK
[41/274] /Users/anna.nardi/Library/CloudStorage/OneDrive-Raccoltecondivise-DuckyNetworkS.r.l/E-Commerce - FOTO PRODOTTO 2019_2022_2023_2024_2025/DISCHI/SK2/WK097R.jpg -> SKU WK097R -> uid 41160623: OK
[42/274] /Users/anna.nardi/Library/CloudStorage/OneDrive-Raccoltecondivise-DuckyNetworkS.r.l/E-Commerce - FOTO PRODOTTO 2019_2022_2023_2024_2025/DISCHI/SK2/WK098L.jpg -> SKU WK098L -> uid 41160624: OK
[43/274] /Users/anna.nardi/Library/CloudStorage/OneDrive-Raccoltecondivise-DuckyNetworkS.r.l/E-Commerce - FOTO PRODOTTO 2019_2022_2023_2024_2025/DISCHI/SK2/WK098R.jpg -> SKU WK098R -> uid 41160625: OK
[44/274] /Users/anna.nardi/Library/CloudStorage/OneDrive-Raccoltecondivise-DuckyNetworkS.r.l/E-Commerce - FOTO PRODOTTO 2019_2022_2023_2024_2025/DISCHI/SK2/WK101L.jpg -> SKU WK101L -> uid 41160626: OK
[45/274] /Users/anna.nardi/Library/CloudStorage/OneDrive-Raccoltecondivise-DuckyNetworkS.r.l/E-Commerce - FOTO PRODOTTO 2019_2022_2023_2024_2025/DISCHI/SK2/WK101R.jpg -> SKU WK101R -> uid 41160627: OK
[46/274] /Users/anna.nardi/Library/CloudStorage/OneDrive-Raccoltecondivise-DuckyNetworkS.r.l/E-Commerce - FOTO PRODOTTO 2019_2022_2023_2024_2025/DISCHI/SK2/WK102L.jpg -> SKU WK102L -> uid 41160628: OK
[47/274] /Users/anna.nardi/Library/CloudStorage/OneDrive-Raccoltecondivise-DuckyNetworkS.r.l/E-Commerce - FOTO PRODOTTO 2019_2022_2023_2024_2025/DISCHI/SK2/WK102R.jpg -> SKU WK102R -> uid 41160629: OK
[48/274] /Users/anna.nardi/Library/CloudStorage/OneDrive-Raccoltecondivise-DuckyNetworkS.r.l/E-Commerce - FOTO PRODOTTO 2019_2022_2023_2024_2025/DISCHI/SK2/WK103R.jpg -> SKU WK103R -> uid 41160630: OK
[49/274] /Users/anna.nardi/Library/CloudStorage/OneDrive-Raccoltecondivise-DuckyNetworkS.r.l/E-Commerce - FOTO PRODOTTO 2019_2022_2023_2024_2025/DISCHI/SK2/WK104L.jpg -> SKU WK104L -> uid 41160631: OK
[50/274] /Users/anna.nardi/Library/CloudStorage/OneDrive-Raccoltecondivise-DuckyNetworkS.r.l/E-Commerce - FOTO PRODOTTO 2019_2022_2023_2024_2025/DISCHI/SK2/WK104R.jpg -> SKU WK104R -> uid 41160632: OK
[51/274] /Users/anna.nardi/Library/CloudStorage/OneDrive-Raccoltecondivise-DuckyNetworkS.r.l/E-Commerce - FOTO PRODOTTO 2019_2022_2023_2024_2025/DISCHI/SK2/WK105L.jpg -> SKU WK105L -> uid 41160633: OK
[52/274] /Users/anna.nardi/Library/CloudStorage/OneDrive-Raccoltecondivise-DuckyNetworkS.r.l/E-Commerce - FOTO PRODOTTO 2019_2022_2023_2024_2025/DISCHI/SK2/WK105R.jpg -> SKU WK105R -> uid 41160634: OK
[53/274] /Users/anna.nardi/Library/CloudStorage/OneDrive-Raccoltecondivise-DuckyNetworkS.r.l/E-Commerce - FOTO PRODOTTO 2019_2022_2023_2024_2025/DISCHI/SK2/WK106L.jpg -> SKU WK106L -> uid 41160635: OK
[54/274] /Users/anna.nardi/Library/CloudStorage/OneDrive-Raccoltecondivise-DuckyNetworkS.r.l/E-Commerce - FOTO PRODOTTO 2019_2022_2023_2024_2025/DISCHI/SK2/WK106R.jpg -> SKU WK106R -> uid 41160636: OK
[55/274] /Users/anna.nardi/Library/CloudStorage/OneDrive-Raccoltecondivise-DuckyNetworkS.r.l/E-Commerce - FOTO PRODOTTO 2019_2022_2023_2024_2025/DISCHI/SK2/WK107R.jpg -> SKU WK107R -> uid 41160637: OK
[56/274] /Users/anna.nardi/Library/CloudStorage/OneDrive-Raccoltecondivise-DuckyNetworkS.r.l/E-Commerce - FOTO PRODOTTO 2019_2022_2023_2024_2025/DISCHI/SK2/WK108L.jpg -> SKU WK108L -> uid 41160638: OK
[57/274] /Users/anna.nardi/Library/CloudStorage/OneDrive-Raccoltecondivise-DuckyNetworkS.r.l/E-Commerce - FOTO PRODOTTO 2019_2022_2023_2024_2025/DISCHI/SK2/WK108R.jpg -> SKU WK108R -> uid 41160639: OK
[58/274] /Users/anna.nardi/Library/CloudStorage/OneDrive-Raccoltecondivise-DuckyNetworkS.r.l/E-Commerce - FOTO PRODOTTO 2019_2022_2023_2024_2025/DISCHI/SK2/WK109L.jpg -> SKU WK109L -> uid 41160640: OK
[59/274] /Users/anna.nardi/Library/CloudStorage/OneDrive-Raccoltecondivise-DuckyNetworkS.r.l/E-Commerce - FOTO PRODOTTO 2019_2022_2023_2024_2025/DISCHI/SK2/WK109R.jpg -> SKU WK109R -> uid 41160641: OK
[60/274] /Users/anna.nardi/Library/CloudStorage/OneDrive-Raccoltecondivise-DuckyNetworkS.r.l/E-Commerce - FOTO PRODOTTO 2019_2022_2023_2024_2025/DISCHI/SK2/WK110L.jpg -> SKU WK110L -> uid 41160642: OK
[61/274] /Users/anna.nardi/Library/CloudStorage/OneDrive-Raccoltecondivise-DuckyNetworkS.r.l/E-Commerce - FOTO PRODOTTO 2019_2022_2023_2024_2025/DISCHI/SK2/WK110R.jpg -> SKU WK110R -> uid 41160643: OK
[62/274] /Users/anna.nardi/Library/CloudStorage/OneDrive-Raccoltecondivise-DuckyNetworkS.r.l/E-Commerce - FOTO PRODOTTO 2019_2022_2023_2024_2025/DISCHI/SK2/WK111L.jpg -> SKU WK111L -> uid 41160644: OK
[63/274] /Users/anna.nardi/Library/CloudStorage/OneDrive-Raccoltecondivise-DuckyNetworkS.r.l/E-Commerce - FOTO PRODOTTO 2019_2022_2023_2024_2025/DISCHI/SK2/WK111R.jpg -> SKU WK111R -> uid 41160645: OK
[64/274] /Users/anna.nardi/Library/CloudStorage/OneDrive-Raccoltecondivise-DuckyNetworkS.r.l/E-Commerce - FOTO PRODOTTO 2019_2022_2023_2024_2025/DISCHI/SK2/WK112L.jpg -> SKU WK112L -> uid 41160646: OK
[65/274] /Users/anna.nardi/Library/CloudStorage/OneDrive-Raccoltecondivise-DuckyNetworkS.r.l/E-Commerce - FOTO PRODOTTO 2019_2022_2023_2024_2025/DISCHI/SK2/WK112R.jpg -> SKU WK112R -> uid 41160647: OK
[66/274] /Users/anna.nardi/Library/CloudStorage/OneDrive-Raccoltecondivise-DuckyNetworkS.r.l/E-Commerce - FOTO PRODOTTO 2019_2022_2023_2024_2025/DISCHI/SK2/WK113L.jpg -> SKU WK113L -> uid 41160648: OK
[67/274] /Users/anna.nardi/Library/CloudStorage/OneDrive-Raccoltecondivise-DuckyNetworkS.r.l/E-Commerce - FOTO PRODOTTO 2019_2022_2023_2024_2025/DISCHI/SK2/WK113R.jpg -> SKU WK113R -> uid 41160649: OK
[68/274] /Users/anna.nardi/Library/CloudStorage/OneDrive-Raccoltecondivise-DuckyNetworkS.r.l/E-Commerce - FOTO PRODOTTO 2019_2022_2023_2024_2025/DISCHI/SK2/WK114L.jpg -> SKU WK114L -> uid 41160650: OK
[69/274] /Users/anna.nardi/Library/CloudStorage/OneDrive-Raccoltecondivise-DuckyNetworkS.r.l/E-Commerce - FOTO PRODOTTO 2019_2022_2023_2024_2025/DISCHI/SK2/WK114R.jpg -> SKU WK114R -> uid 41160651: OK
[70/274] /Users/anna.nardi/Library/CloudStorage/OneDrive-Raccoltecondivise-DuckyNetworkS.r.l/E-Commerce - FOTO PRODOTTO 2019_2022_2023_2024_2025/DISCHI/SK2/WK115L.jpg -> SKU WK115L -> uid 41160652: OK
[71/274] /Users/anna.nardi/Library/CloudStorage/OneDrive-Raccoltecondivise-DuckyNetworkS.r.l/E-Commerce - FOTO PRODOTTO 2019_2022_2023_2024_2025/DISCHI/SK2/WK117L.jpg -> SKU WK117L -> uid 41160653: OK
[72/274] /Users/anna.nardi/Library/CloudStorage/OneDrive-Raccoltecondivise-DuckyNetworkS.r.l/E-Commerce - FOTO PRODOTTO 2019_2022_2023_2024_2025/DISCHI/SK2/WK117R.jpg -> SKU WK117R -> uid 41160654: OK
[73/274] /Users/anna.nardi/Library/CloudStorage/OneDrive-Raccoltecondivise-DuckyNetworkS.r.l/E-Commerce - FOTO PRODOTTO 2019_2022_2023_2024_2025/DISCHI/SK2/WK118L.jpg -> SKU WK118L -> uid 41160655: OK
[74/274] /Users/anna.nardi/Library/CloudStorage/OneDrive-Raccoltecondivise-DuckyNetworkS.r.l/E-Commerce - FOTO PRODOTTO 2019_2022_2023_2024_2025/DISCHI/SK2/WK118R.jpg -> SKU WK118R -> uid 41160656: OK
[75/274] /Users/anna.nardi/Library/CloudStorage/OneDrive-Raccoltecondivise-DuckyNetworkS.r.l/E-Commerce - FOTO PRODOTTO 2019_2022_2023_2024_2025/DISCHI/SK2/WK120L.jpg -> SKU WK120L -> uid 41160657: OK
[76/274] /Users/anna.nardi/Library/CloudStorage/OneDrive-Raccoltecondivise-DuckyNetworkS.r.l/E-Commerce - FOTO PRODOTTO 2019_2022_2023_2024_2025/DISCHI/SK2/WK121R.jpg -> SKU WK121R -> uid 41160658: OK
[77/274] /Users/anna.nardi/Library/CloudStorage/OneDrive-Raccoltecondivise-DuckyNetworkS.r.l/E-Commerce - FOTO PRODOTTO 2019_2022_2023_2024_2025/DISCHI/SK2/WK122L.jpg -> SKU WK122L -> uid 41160659: OK
[78/274] /Users/anna.nardi/Library/CloudStorage/OneDrive-Raccoltecondivise-DuckyNetworkS.r.l/E-Commerce - FOTO PRODOTTO 2019_2022_2023_2024_2025/DISCHI/SK2/WK122R.jpg -> SKU WK122R -> uid 41160660: OK
[79/274] /Users/anna.nardi/Library/CloudStorage/OneDrive-Raccoltecondivise-DuckyNetworkS.r.l/E-Commerce - FOTO PRODOTTO 2019_2022_2023_2024_2025/DISCHI/SK2/WK123R.jpg -> SKU WK123R -> uid 41160661: OK
[80/274] /Users/anna.nardi/Library/CloudStorage/OneDrive-Raccoltecondivise-DuckyNetworkS.r.l/E-Commerce - FOTO PRODOTTO 2019_2022_2023_2024_2025/DISCHI/SK2/WK124L.jpg -> SKU WK124L -> uid 41160662: OK
[81/274] /Users/anna.nardi/Library/CloudStorage/OneDrive-Raccoltecondivise-DuckyNetworkS.r.l/E-Commerce - FOTO PRODOTTO 2019_2022_2023_2024_2025/DISCHI/SK2/WK125L.jpg -> SKU WK125L -> uid 41160663: OK
[82/274] /Users/anna.nardi/Library/CloudStorage/OneDrive-Raccoltecondivise-DuckyNetworkS.r.l/E-Commerce - FOTO PRODOTTO 2019_2022_2023_2024_2025/DISCHI/SK2/WK125R.jpg -> SKU WK125R -> uid 41160664: OK
[83/274] /Users/anna.nardi/Library/CloudStorage/OneDrive-Raccoltecondivise-DuckyNetworkS.r.l/E-Commerce - FOTO PRODOTTO 2019_2022_2023_2024_2025/DISCHI/SK2/WK128L.jpg -> SKU WK128L -> uid 41160665: OK
[84/274] /Users/anna.nardi/Library/CloudStorage/OneDrive-Raccoltecondivise-DuckyNetworkS.r.l/E-Commerce - FOTO PRODOTTO 2019_2022_2023_2024_2025/DISCHI/SK2/WK129L.jpg -> SKU WK129L -> uid 41160666: OK
[85/274] /Users/anna.nardi/Library/CloudStorage/OneDrive-Raccoltecondivise-DuckyNetworkS.r.l/E-Commerce - FOTO PRODOTTO 2019_2022_2023_2024_2025/DISCHI/SK2/WK130L.jpg -> SKU WK130L -> uid 41160667: OK
[86/274] /Users/anna.nardi/Library/CloudStorage/OneDrive-Raccoltecondivise-DuckyNetworkS.r.l/E-Commerce - FOTO PRODOTTO 2019_2022_2023_2024_2025/DISCHI/SK2/WK130R.jpg -> SKU WK130R -> uid 41160668: OK
[87/274] /Users/anna.nardi/Library/CloudStorage/OneDrive-Raccoltecondivise-DuckyNetworkS.r.l/E-Commerce - FOTO PRODOTTO 2019_2022_2023_2024_2025/DISCHI/SK2/WK131L.jpg -> SKU WK131L -> uid 41160669: OK
[88/274] /Users/anna.nardi/Library/CloudStorage/OneDrive-Raccoltecondivise-DuckyNetworkS.r.l/E-Commerce - FOTO PRODOTTO 2019_2022_2023_2024_2025/DISCHI/SK2/WK133L.jpg -> SKU WK133L -> uid 41160670: OK
[89/274] /Users/anna.nardi/Library/CloudStorage/OneDrive-Raccoltecondivise-DuckyNetworkS.r.l/E-Commerce - FOTO PRODOTTO 2019_2022_2023_2024_2025/DISCHI/SK2/WK133R.jpg -> SKU WK133R -> uid 41160671: OK
[90/274] /Users/anna.nardi/Library/CloudStorage/OneDrive-Raccoltecondivise-DuckyNetworkS.r.l/E-Commerce - FOTO PRODOTTO 2019_2022_2023_2024_2025/DISCHI/SK2/WK134L.jpg -> SKU WK134L -> uid 41160672: OK
[91/274] /Users/anna.nardi/Library/CloudStorage/OneDrive-Raccoltecondivise-DuckyNetworkS.r.l/E-Commerce - FOTO PRODOTTO 2019_2022_2023_2024_2025/DISCHI/SK2/WK134R.jpg -> SKU WK134R -> uid 41160673: OK
[92/274] /Users/anna.nardi/Library/CloudStorage/OneDrive-Raccoltecondivise-DuckyNetworkS.r.l/E-Commerce - FOTO PRODOTTO 2019_2022_2023_2024_2025/DISCHI/SK2/WK135L.jpg -> SKU WK135L -> uid 41227137: OK
[93/274] /Users/anna.nardi/Library/CloudStorage/OneDrive-Raccoltecondivise-DuckyNetworkS.r.l/E-Commerce - FOTO PRODOTTO 2019_2022_2023_2024_2025/DISCHI/SK2/WK136L.jpg -> SKU WK136L -> uid 41160674: OK
[94/274] /Users/anna.nardi/Library/CloudStorage/OneDrive-Raccoltecondivise-DuckyNetworkS.r.l/E-Commerce - FOTO PRODOTTO 2019_2022_2023_2024_2025/DISCHI/SK2/WK136R.jpg -> SKU WK136R -> uid 41160675: OK
[95/274] /Users/anna.nardi/Library/CloudStorage/OneDrive-Raccoltecondivise-DuckyNetworkS.r.l/E-Commerce - FOTO PRODOTTO 2019_2022_2023_2024_2025/DISCHI/SK2/WK139L.jpg -> SKU WK139L -> uid 41160676: OK
[96/274] /Users/anna.nardi/Library/CloudStorage/OneDrive-Raccoltecondivise-DuckyNetworkS.r.l/E-Commerce - FOTO PRODOTTO 2019_2022_2023_2024_2025/DISCHI/SK2/WK139R.jpg -> SKU WK139R -> uid 41160677: OK
[97/274] /Users/anna.nardi/Library/CloudStorage/OneDrive-Raccoltecondivise-DuckyNetworkS.r.l/E-Commerce - FOTO PRODOTTO 2019_2022_2023_2024_2025/DISCHI/SK2/WK140L.jpg -> SKU WK140L -> uid 41160678: OK
[98/274] /Users/anna.nardi/Library/CloudStorage/OneDrive-Raccoltecondivise-DuckyNetworkS.r.l/E-Commerce - FOTO PRODOTTO 2019_2022_2023_2024_2025/DISCHI/SK2/WK140R.jpg -> SKU WK140R -> uid 41160679: OK
[99/274] /Users/anna.nardi/Library/CloudStorage/OneDrive-Raccoltecondivise-DuckyNetworkS.r.l/E-Commerce - FOTO PRODOTTO 2019_2022_2023_2024_2025/DISCHI/SK2/WK142L.jpg -> SKU WK142L -> uid 41160680: OK
[100/274] /Users/anna.nardi/Library/CloudStorage/OneDrive-Raccoltecondivise-DuckyNetworkS.r.l/E-Commerce - FOTO PRODOTTO 2019_2022_2023_2024_2025/DISCHI/SK2/WK142R.jpg -> SKU WK142R -> uid 41160681: OK
[101/274] /Users/anna.nardi/Library/CloudStorage/OneDrive-Raccoltecondivise-DuckyNetworkS.r.l/E-Commerce - FOTO PRODOTTO 2019_2022_2023_2024_2025/DISCHI/SK2/WK144L.jpg -> SKU WK144L -> uid 41160682: OK
[102/274] /Users/anna.nardi/Library/CloudStorage/OneDrive-Raccoltecondivise-DuckyNetworkS.r.l/E-Commerce - FOTO PRODOTTO 2019_2022_2023_2024_2025/DISCHI/SK2/WK144R.jpg -> SKU WK144R -> uid 41160683: OK
[103/274] /Users/anna.nardi/Library/CloudStorage/OneDrive-Raccoltecondivise-DuckyNetworkS.r.l/E-Commerce - FOTO PRODOTTO 2019_2022_2023_2024_2025/DISCHI/SK2/WK145L.jpg -> SKU WK145L -> uid 41160684: OK
[104/274] /Users/anna.nardi/Library/CloudStorage/OneDrive-Raccoltecondivise-DuckyNetworkS.r.l/E-Commerce - FOTO PRODOTTO 2019_2022_2023_2024_2025/DISCHI/SK2/WK145R.jpg -> SKU WK145R -> uid 41160685: OK
[105/274] /Users/anna.nardi/Library/CloudStorage/OneDrive-Raccoltecondivise-DuckyNetworkS.r.l/E-Commerce - FOTO PRODOTTO 2019_2022_2023_2024_2025/DISCHI/SK2/WK146L.jpg -> SKU WK146L -> uid 41160686: OK
[106/274] /Users/anna.nardi/Library/CloudStorage/OneDrive-Raccoltecondivise-DuckyNetworkS.r.l/E-Commerce - FOTO PRODOTTO 2019_2022_2023_2024_2025/DISCHI/SK2/WK146R.jpg -> SKU WK146R -> uid 41160687: OK
[107/274] /Users/anna.nardi/Library/CloudStorage/OneDrive-Raccoltecondivise-DuckyNetworkS.r.l/E-Commerce - FOTO PRODOTTO 2019_2022_2023_2024_2025/DISCHI/SK2/WK147L.jpg -> SKU WK147L -> uid 41160688: OK
[108/274] /Users/anna.nardi/Library/CloudStorage/OneDrive-Raccoltecondivise-DuckyNetworkS.r.l/E-Commerce - FOTO PRODOTTO 2019_2022_2023_2024_2025/DISCHI/SK2/WK147R.jpg -> SKU WK147R -> uid 41160689: OK
[109/274] /Users/anna.nardi/Library/CloudStorage/OneDrive-Raccoltecondivise-DuckyNetworkS.r.l/E-Commerce - FOTO PRODOTTO 2019_2022_2023_2024_2025/DISCHI/SK2/WK148L.jpg -> SKU WK148L -> uid 41160690: OK
[110/274] /Users/anna.nardi/Library/CloudStorage/OneDrive-Raccoltecondivise-DuckyNetworkS.r.l/E-Commerce - FOTO PRODOTTO 2019_2022_2023_2024_2025/DISCHI/SK2/WK148R.jpg -> SKU WK148R -> uid 41160691: OK
[111/274] /Users/anna.nardi/Library/CloudStorage/OneDrive-Raccoltecondivise-DuckyNetworkS.r.l/E-Commerce - FOTO PRODOTTO 2019_2022_2023_2024_2025/DISCHI/SK2/WK149L.jpg -> SKU WK149L -> uid 41160692: OK
[112/274] /Users/anna.nardi/Library/CloudStorage/OneDrive-Raccoltecondivise-DuckyNetworkS.r.l/E-Commerce - FOTO PRODOTTO 2019_2022_2023_2024_2025/DISCHI/SK2/WK149R.jpg -> SKU WK149R -> uid 41160693: OK
[113/274] /Users/anna.nardi/Library/CloudStorage/OneDrive-Raccoltecondivise-DuckyNetworkS.r.l/E-Commerce - FOTO PRODOTTO 2019_2022_2023_2024_2025/DISCHI/SK2/WK150L.jpg -> SKU WK150L -> uid 41160694: OK
[114/274] /Users/anna.nardi/Library/CloudStorage/OneDrive-Raccoltecondivise-DuckyNetworkS.r.l/E-Commerce - FOTO PRODOTTO 2019_2022_2023_2024_2025/DISCHI/SK2/WK150R.jpg -> SKU WK150R -> uid 41160695: OK
[115/274] /Users/anna.nardi/Library/CloudStorage/OneDrive-Raccoltecondivise-DuckyNetworkS.r.l/E-Commerce - FOTO PRODOTTO 2019_2022_2023_2024_2025/DISCHI/SK2/WK151L.jpg -> SKU WK151L -> uid 41160696: OK
[116/274] /Users/anna.nardi/Library/CloudStorage/OneDrive-Raccoltecondivise-DuckyNetworkS.r.l/E-Commerce - FOTO PRODOTTO 2019_2022_2023_2024_2025/DISCHI/SK2/WK151R.jpg -> SKU WK151R -> uid 41160697: OK
[117/274] /Users/anna.nardi/Library/CloudStorage/OneDrive-Raccoltecondivise-DuckyNetworkS.r.l/E-Commerce - FOTO PRODOTTO 2019_2022_2023_2024_2025/DISCHI/SK2/WK152L.jpg -> SKU WK152L -> uid 41160698: OK
[118/274] /Users/anna.nardi/Library/CloudStorage/OneDrive-Raccoltecondivise-DuckyNetworkS.r.l/E-Commerce - FOTO PRODOTTO 2019_2022_2023_2024_2025/DISCHI/SK2/WK152R.jpg -> SKU WK152R -> uid 41160699: OK
[119/274] /Users/anna.nardi/Library/CloudStorage/OneDrive-Raccoltecondivise-DuckyNetworkS.r.l/E-Commerce - FOTO PRODOTTO 2019_2022_2023_2024_2025/DISCHI/SK2/WK153L.jpg -> SKU WK153L -> uid 41160700: OK
[120/274] /Users/anna.nardi/Library/CloudStorage/OneDrive-Raccoltecondivise-DuckyNetworkS.r.l/E-Commerce - FOTO PRODOTTO 2019_2022_2023_2024_2025/DISCHI/SK2/WK153R.jpg -> SKU WK153R -> uid 41160701: OK
[121/274] /Users/anna.nardi/Library/CloudStorage/OneDrive-Raccoltecondivise-DuckyNetworkS.r.l/E-Commerce - FOTO PRODOTTO 2019_2022_2023_2024_2025/DISCHI/SK2/WK154L.jpg -> SKU WK154L -> uid 41160702: OK
[122/274] /Users/anna.nardi/Library/CloudStorage/OneDrive-Raccoltecondivise-DuckyNetworkS.r.l/E-Commerce - FOTO PRODOTTO 2019_2022_2023_2024_2025/DISCHI/SK2/WK154R.jpg -> SKU WK154R -> uid 41160703: OK
[123/274] /Users/anna.nardi/Library/CloudStorage/OneDrive-Raccoltecondivise-DuckyNetworkS.r.l/E-Commerce - FOTO PRODOTTO 2019_2022_2023_2024_2025/DISCHI/WK3/WK3001L.jpg -> SKU WK3001L -> uid 41160704: OK
[124/274] /Users/anna.nardi/Library/CloudStorage/OneDrive-Raccoltecondivise-DuckyNetworkS.r.l/E-Commerce - FOTO PRODOTTO 2019_2022_2023_2024_2025/DISCHI/WK3/WK3001R.jpg -> SKU WK3001R -> uid 41160705: OK
[125/274] /Users/anna.nardi/Library/CloudStorage/OneDrive-Raccoltecondivise-DuckyNetworkS.r.l/E-Commerce - FOTO PRODOTTO 2019_2022_2023_2024_2025/DISCHI/WK3/WK3005L.jpg -> SKU WK3005L -> uid 41160706: OK
[126/274] /Users/anna.nardi/Library/CloudStorage/OneDrive-Raccoltecondivise-DuckyNetworkS.r.l/E-Commerce - FOTO PRODOTTO 2019_2022_2023_2024_2025/DISCHI/WK3/WK3005R.jpg -> SKU WK3005R -> uid 41160707: OK
[127/274] /Users/anna.nardi/Library/CloudStorage/OneDrive-Raccoltecondivise-DuckyNetworkS.r.l/E-Commerce - FOTO PRODOTTO 2019_2022_2023_2024_2025/DISCHI/WK3/WK3008L.jpg -> SKU WK3008L -> uid 41160708: OK
[128/274] /Users/anna.nardi/Library/CloudStorage/OneDrive-Raccoltecondivise-DuckyNetworkS.r.l/E-Commerce - FOTO PRODOTTO 2019_2022_2023_2024_2025/DISCHI/WK3/WK3008R.jpg -> SKU WK3008R -> uid 41160709: OK
[129/274] /Users/anna.nardi/Library/CloudStorage/OneDrive-Raccoltecondivise-DuckyNetworkS.r.l/E-Commerce - FOTO PRODOTTO 2019_2022_2023_2024_2025/DISCHI/WK3/WK3020L.jpg -> SKU WK3020L -> uid 41160710: OK
[130/274] /Users/anna.nardi/Library/CloudStorage/OneDrive-Raccoltecondivise-DuckyNetworkS.r.l/E-Commerce - FOTO PRODOTTO 2019_2022_2023_2024_2025/DISCHI/WK3/WK3020R.jpg -> SKU WK3020R -> uid 41160711: OK
[131/274] /Users/anna.nardi/Library/CloudStorage/OneDrive-Raccoltecondivise-DuckyNetworkS.r.l/E-Commerce - FOTO PRODOTTO 2019_2022_2023_2024_2025/DISCHI/WK3/WK3021L.jpg -> SKU WK3021L -> uid 41160712: OK
[132/274] /Users/anna.nardi/Library/CloudStorage/OneDrive-Raccoltecondivise-DuckyNetworkS.r.l/E-Commerce - FOTO PRODOTTO 2019_2022_2023_2024_2025/DISCHI/WK3/WK3021R.jpg -> SKU WK3021R -> uid 41160713: OK
[133/274] /Users/anna.nardi/Library/CloudStorage/OneDrive-Raccoltecondivise-DuckyNetworkS.r.l/E-Commerce - FOTO PRODOTTO 2019_2022_2023_2024_2025/DISCHI/WK3/WK3036L.jpg -> SKU WK3036L -> uid 41160714: OK
[134/274] /Users/anna.nardi/Library/CloudStorage/OneDrive-Raccoltecondivise-DuckyNetworkS.r.l/E-Commerce - FOTO PRODOTTO 2019_2022_2023_2024_2025/DISCHI/WK3/WK3036R.jpg -> SKU WK3036R -> uid 41160715: OK
[135/274] /Users/anna.nardi/Library/CloudStorage/OneDrive-Raccoltecondivise-DuckyNetworkS.r.l/E-Commerce - FOTO PRODOTTO 2019_2022_2023_2024_2025/DISCHI/WK3/WK3038L.jpg -> SKU WK3038L -> uid 41160716: OK
[136/274] /Users/anna.nardi/Library/CloudStorage/OneDrive-Raccoltecondivise-DuckyNetworkS.r.l/E-Commerce - FOTO PRODOTTO 2019_2022_2023_2024_2025/DISCHI/WK3/WK3038R.jpg -> SKU WK3038R -> uid 41160717: OK
[137/274] /Users/anna.nardi/Library/CloudStorage/OneDrive-Raccoltecondivise-DuckyNetworkS.r.l/E-Commerce - FOTO PRODOTTO 2019_2022_2023_2024_2025/DISCHI/WK3/WK3039L.jpg -> SKU WK3039L -> uid 41232154: OK
[138/274] /Users/anna.nardi/Library/CloudStorage/OneDrive-Raccoltecondivise-DuckyNetworkS.r.l/E-Commerce - FOTO PRODOTTO 2019_2022_2023_2024_2025/DISCHI/WK3/WK3039R.jpg -> SKU WK3039R -> uid 41232155: OK
[139/274] /Users/anna.nardi/Library/CloudStorage/OneDrive-Raccoltecondivise-DuckyNetworkS.r.l/E-Commerce - FOTO PRODOTTO 2019_2022_2023_2024_2025/DISCHI/WK3/WK3040L.jpg -> SKU WK3040L -> uid 41160718: OK
[140/274] /Users/anna.nardi/Library/CloudStorage/OneDrive-Raccoltecondivise-DuckyNetworkS.r.l/E-Commerce - FOTO PRODOTTO 2019_2022_2023_2024_2025/DISCHI/WK3/WK3040R.jpg -> SKU WK3040R -> uid 41160719: OK
[141/274] /Users/anna.nardi/Library/CloudStorage/OneDrive-Raccoltecondivise-DuckyNetworkS.r.l/E-Commerce - FOTO PRODOTTO 2019_2022_2023_2024_2025/DISCHI/WK3/WK3041L.jpg -> SKU WK3041L -> uid 41160720: OK
[142/274] /Users/anna.nardi/Library/CloudStorage/OneDrive-Raccoltecondivise-DuckyNetworkS.r.l/E-Commerce - FOTO PRODOTTO 2019_2022_2023_2024_2025/DISCHI/WK3/WK3041R.jpg -> SKU WK3041R -> uid 41160721: OK
[143/274] /Users/anna.nardi/Library/CloudStorage/OneDrive-Raccoltecondivise-DuckyNetworkS.r.l/E-Commerce - FOTO PRODOTTO 2019_2022_2023_2024_2025/DISCHI/WK3/WK3043L.jpg -> SKU WK3043L -> uid 41160722: OK
[144/274] /Users/anna.nardi/Library/CloudStorage/OneDrive-Raccoltecondivise-DuckyNetworkS.r.l/E-Commerce - FOTO PRODOTTO 2019_2022_2023_2024_2025/DISCHI/WK3/WK3043R.jpg -> SKU WK3043R -> uid 41160723: OK
[145/274] /Users/anna.nardi/Library/CloudStorage/OneDrive-Raccoltecondivise-DuckyNetworkS.r.l/E-Commerce - FOTO PRODOTTO 2019_2022_2023_2024_2025/DISCHI/WK3/WK3046L.jpg -> SKU WK3046L -> uid 41160724: OK
[146/274] /Users/anna.nardi/Library/CloudStorage/OneDrive-Raccoltecondivise-DuckyNetworkS.r.l/E-Commerce - FOTO PRODOTTO 2019_2022_2023_2024_2025/DISCHI/WK3/WK3046R.jpg -> SKU WK3046R -> uid 41160725: OK
[147/274] /Users/anna.nardi/Library/CloudStorage/OneDrive-Raccoltecondivise-DuckyNetworkS.r.l/E-Commerce - FOTO PRODOTTO 2019_2022_2023_2024_2025/DISCHI/WK3/WK3047L.jpg -> SKU WK3047L -> uid 41160726: OK
[148/274] /Users/anna.nardi/Library/CloudStorage/OneDrive-Raccoltecondivise-DuckyNetworkS.r.l/E-Commerce - FOTO PRODOTTO 2019_2022_2023_2024_2025/DISCHI/WK3/WK3047R.jpg -> SKU WK3047R -> uid 41160727: OK
[149/274] /Users/anna.nardi/Library/CloudStorage/OneDrive-Raccoltecondivise-DuckyNetworkS.r.l/E-Commerce - FOTO PRODOTTO 2019_2022_2023_2024_2025/DISCHI/WK3/WK3050L.jpg -> SKU WK3050L -> uid 41160728: OK
[150/274] /Users/anna.nardi/Library/CloudStorage/OneDrive-Raccoltecondivise-DuckyNetworkS.r.l/E-Commerce - FOTO PRODOTTO 2019_2022_2023_2024_2025/DISCHI/WK3/WK3051L.jpg -> SKU WK3051L -> uid 41160729: OK
[151/274] /Users/anna.nardi/Library/CloudStorage/OneDrive-Raccoltecondivise-DuckyNetworkS.r.l/E-Commerce - FOTO PRODOTTO 2019_2022_2023_2024_2025/DISCHI/WK3/WK3054L.jpg -> SKU WK3054L -> uid 41160730: OK
[152/274] /Users/anna.nardi/Library/CloudStorage/OneDrive-Raccoltecondivise-DuckyNetworkS.r.l/E-Commerce - FOTO PRODOTTO 2019_2022_2023_2024_2025/DISCHI/WK3/WK3055L.jpg -> SKU WK3055L -> uid 41160731: OK
[153/274] /Users/anna.nardi/Library/CloudStorage/OneDrive-Raccoltecondivise-DuckyNetworkS.r.l/E-Commerce - FOTO PRODOTTO 2019_2022_2023_2024_2025/DISCHI/WK3/WK3062L.jpg -> SKU WK3062L -> uid 41160732: OK
[154/274] /Users/anna.nardi/Library/CloudStorage/OneDrive-Raccoltecondivise-DuckyNetworkS.r.l/E-Commerce - FOTO PRODOTTO 2019_2022_2023_2024_2025/DISCHI/WK3/WK3062R.jpg -> SKU WK3062R -> uid 41160733: OK
[155/274] /Users/anna.nardi/Library/CloudStorage/OneDrive-Raccoltecondivise-DuckyNetworkS.r.l/E-Commerce - FOTO PRODOTTO 2019_2022_2023_2024_2025/DISCHI/WK3/WK3066L.jpg -> SKU WK3066L -> uid 41160734: OK
[156/274] /Users/anna.nardi/Library/CloudStorage/OneDrive-Raccoltecondivise-DuckyNetworkS.r.l/E-Commerce - FOTO PRODOTTO 2019_2022_2023_2024_2025/DISCHI/WK3/WK3066R.jpg -> SKU WK3066R -> uid 41160735: OK
[157/274] /Users/anna.nardi/Library/CloudStorage/OneDrive-Raccoltecondivise-DuckyNetworkS.r.l/E-Commerce - FOTO PRODOTTO 2019_2022_2023_2024_2025/DISCHI/WK3/WK3067L.jpg -> SKU WK3067L -> uid 41160736: OK
[158/274] /Users/anna.nardi/Library/CloudStorage/OneDrive-Raccoltecondivise-DuckyNetworkS.r.l/E-Commerce - FOTO PRODOTTO 2019_2022_2023_2024_2025/DISCHI/WK3/WK3067R.jpg -> SKU WK3067R -> uid 41160737: OK
[159/274] /Users/anna.nardi/Library/CloudStorage/OneDrive-Raccoltecondivise-DuckyNetworkS.r.l/E-Commerce - FOTO PRODOTTO 2019_2022_2023_2024_2025/DISCHI/WK3/WK3068L.jpg -> SKU WK3068L -> uid 41160738: OK
[160/274] /Users/anna.nardi/Library/CloudStorage/OneDrive-Raccoltecondivise-DuckyNetworkS.r.l/E-Commerce - FOTO PRODOTTO 2019_2022_2023_2024_2025/DISCHI/WK3/WK3068R.jpg -> SKU WK3068R -> uid 41160739: OK
[161/274] /Users/anna.nardi/Library/CloudStorage/OneDrive-Raccoltecondivise-DuckyNetworkS.r.l/E-Commerce - FOTO PRODOTTO 2019_2022_2023_2024_2025/DISCHI/WK3/WK3069L.jpg -> SKU WK3069L -> uid 41160740: OK
[162/274] /Users/anna.nardi/Library/CloudStorage/OneDrive-Raccoltecondivise-DuckyNetworkS.r.l/E-Commerce - FOTO PRODOTTO 2019_2022_2023_2024_2025/DISCHI/WK3/WK3069R.jpg -> SKU WK3069R -> uid 41160741: OK
[163/274] /Users/anna.nardi/Library/CloudStorage/OneDrive-Raccoltecondivise-DuckyNetworkS.r.l/E-Commerce - FOTO PRODOTTO 2019_2022_2023_2024_2025/DISCHI/WK3/WK3070L.jpg -> SKU WK3070L -> uid 41160742: OK
[164/274] /Users/anna.nardi/Library/CloudStorage/OneDrive-Raccoltecondivise-DuckyNetworkS.r.l/E-Commerce - FOTO PRODOTTO 2019_2022_2023_2024_2025/DISCHI/WK3/WK3070R.jpg -> SKU WK3070R -> uid 41160743: OK
[165/274] /Users/anna.nardi/Library/CloudStorage/OneDrive-Raccoltecondivise-DuckyNetworkS.r.l/E-Commerce - FOTO PRODOTTO 2019_2022_2023_2024_2025/DISCHI/WK3/WK3071L.jpg -> SKU WK3071L -> uid 41160744: OK
[166/274] /Users/anna.nardi/Library/CloudStorage/OneDrive-Raccoltecondivise-DuckyNetworkS.r.l/E-Commerce - FOTO PRODOTTO 2019_2022_2023_2024_2025/DISCHI/WK3/WK3071R.jpg -> SKU WK3071R -> uid 41160745: OK
[167/274] /Users/anna.nardi/Library/CloudStorage/OneDrive-Raccoltecondivise-DuckyNetworkS.r.l/E-Commerce - FOTO PRODOTTO 2019_2022_2023_2024_2025/DISCHI/WK3/WK3074L.jpg -> SKU WK3074L -> uid 41227141: OK
[168/274] /Users/anna.nardi/Library/CloudStorage/OneDrive-Raccoltecondivise-DuckyNetworkS.r.l/E-Commerce - FOTO PRODOTTO 2019_2022_2023_2024_2025/DISCHI/WK3/WK3076L.jpg -> SKU WK3076L -> uid 41160746: OK
[169/274] /Users/anna.nardi/Library/CloudStorage/OneDrive-Raccoltecondivise-DuckyNetworkS.r.l/E-Commerce - FOTO PRODOTTO 2019_2022_2023_2024_2025/DISCHI/WK3/WK3076R.jpg -> SKU WK3076R -> uid 41160747: OK
[170/274] /Users/anna.nardi/Library/CloudStorage/OneDrive-Raccoltecondivise-DuckyNetworkS.r.l/E-Commerce - FOTO PRODOTTO 2019_2022_2023_2024_2025/DISCHI/WK3/WK3083L.jpg -> SKU WK3083L -> uid 41160748: OK
[171/274] /Users/anna.nardi/Library/CloudStorage/OneDrive-Raccoltecondivise-DuckyNetworkS.r.l/E-Commerce - FOTO PRODOTTO 2019_2022_2023_2024_2025/DISCHI/WK3/WK3083R.jpg -> SKU WK3083R -> uid 41160749: OK
[172/274] /Users/anna.nardi/Library/CloudStorage/OneDrive-Raccoltecondivise-DuckyNetworkS.r.l/E-Commerce - FOTO PRODOTTO 2019_2022_2023_2024_2025/DISCHI/WK3/WK3089L.jpg -> SKU WK3089L -> uid 41160750: OK
[173/274] /Users/anna.nardi/Library/CloudStorage/OneDrive-Raccoltecondivise-DuckyNetworkS.r.l/E-Commerce - FOTO PRODOTTO 2019_2022_2023_2024_2025/DISCHI/WK3/WK3090L.jpg -> SKU WK3090L -> uid 41160752: OK
[174/274] /Users/anna.nardi/Library/CloudStorage/OneDrive-Raccoltecondivise-DuckyNetworkS.r.l/E-Commerce - FOTO PRODOTTO 2019_2022_2023_2024_2025/DISCHI/WK3/WK3090R.jpg -> SKU WK3090R -> uid 41160753: OK
[175/274] /Users/anna.nardi/Library/CloudStorage/OneDrive-Raccoltecondivise-DuckyNetworkS.r.l/E-Commerce - FOTO PRODOTTO 2019_2022_2023_2024_2025/DISCHI/WK3/WK3109L.jpg -> SKU WK3109L -> uid 41160758: OK
[176/274] /Users/anna.nardi/Library/CloudStorage/OneDrive-Raccoltecondivise-DuckyNetworkS.r.l/E-Commerce - FOTO PRODOTTO 2019_2022_2023_2024_2025/DISCHI/WK3/WK3109R.jpg -> SKU WK3109R -> uid 41160759: OK
[177/274] /Users/anna.nardi/Library/CloudStorage/OneDrive-Raccoltecondivise-DuckyNetworkS.r.l/E-Commerce - FOTO PRODOTTO 2019_2022_2023_2024_2025/DISCHI/WK3/WK3111R.jpg -> SKU WK3111R -> uid 41160763: OK
[178/274] /Users/anna.nardi/Library/CloudStorage/OneDrive-Raccoltecondivise-DuckyNetworkS.r.l/E-Commerce - FOTO PRODOTTO 2019_2022_2023_2024_2025/DISCHI/WK3/WK3117L.jpg -> SKU WK3117L -> uid 41160764: OK
[179/274] /Users/anna.nardi/Library/CloudStorage/OneDrive-Raccoltecondivise-DuckyNetworkS.r.l/E-Commerce - FOTO PRODOTTO 2019_2022_2023_2024_2025/DISCHI/WK3/WK3117R.jpg -> SKU WK3117R -> uid 41160765: OK
[180/274] /Users/anna.nardi/Library/CloudStorage/OneDrive-Raccoltecondivise-DuckyNetworkS.r.l/E-Commerce - FOTO PRODOTTO 2019_2022_2023_2024_2025/DISCHI/WK3/WK3126L.jpg -> SKU WK3126L -> uid 41160768: OK
[181/274] /Users/anna.nardi/Library/CloudStorage/OneDrive-Raccoltecondivise-DuckyNetworkS.r.l/E-Commerce - FOTO PRODOTTO 2019_2022_2023_2024_2025/DISCHI/WK3/WK3134L.jpg -> SKU WK3134L -> uid 41160772: OK
[182/274] /Users/anna.nardi/Library/CloudStorage/OneDrive-Raccoltecondivise-DuckyNetworkS.r.l/E-Commerce - FOTO PRODOTTO 2019_2022_2023_2024_2025/DISCHI/WK3/WK3134R.jpg -> SKU WK3134R -> uid 41160773: OK
[183/274] /Users/anna.nardi/Library/CloudStorage/OneDrive-Raccoltecondivise-DuckyNetworkS.r.l/E-Commerce - FOTO PRODOTTO 2019_2022_2023_2024_2025/DISCHI/WK3/WK3135L.jpg -> SKU WK3135L -> uid 41160774: OK
[184/274] /Users/anna.nardi/Library/CloudStorage/OneDrive-Raccoltecondivise-DuckyNetworkS.r.l/E-Commerce - FOTO PRODOTTO 2019_2022_2023_2024_2025/DISCHI/WK3/WK3140L.jpg -> SKU WK3140L -> uid 41160779: OK
[185/274] /Users/anna.nardi/Library/CloudStorage/OneDrive-Raccoltecondivise-DuckyNetworkS.r.l/E-Commerce - FOTO PRODOTTO 2019_2022_2023_2024_2025/DISCHI/WK3/WK3140R.jpg -> SKU WK3140R -> uid 41160780: OK
[186/274] /Users/anna.nardi/Library/CloudStorage/OneDrive-Raccoltecondivise-DuckyNetworkS.r.l/E-Commerce - FOTO PRODOTTO 2019_2022_2023_2024_2025/DISCHI/WK3/WK3142L.jpg -> SKU WK3142L -> uid 41160781: OK
[187/274] /Users/anna.nardi/Library/CloudStorage/OneDrive-Raccoltecondivise-DuckyNetworkS.r.l/E-Commerce - FOTO PRODOTTO 2019_2022_2023_2024_2025/DISCHI/WK3/WK3142R.jpg -> SKU WK3142R -> uid 41160782: OK
[188/274] /Users/anna.nardi/Library/CloudStorage/OneDrive-Raccoltecondivise-DuckyNetworkS.r.l/E-Commerce - FOTO PRODOTTO 2019_2022_2023_2024_2025/DISCHI/WK3/WK3144L.jpg -> SKU WK3144L -> uid 41160783: OK
[189/274] /Users/anna.nardi/Library/CloudStorage/OneDrive-Raccoltecondivise-DuckyNetworkS.r.l/E-Commerce - FOTO PRODOTTO 2019_2022_2023_2024_2025/DISCHI/WK3/WK3144R.jpg -> SKU WK3144R -> uid 41160784: OK
[190/274] /Users/anna.nardi/Library/CloudStorage/OneDrive-Raccoltecondivise-DuckyNetworkS.r.l/E-Commerce - FOTO PRODOTTO 2019_2022_2023_2024_2025/DISCHI/WK3/WK3147L.jpg -> SKU WK3147L -> uid 41160789: OK
[191/274] /Users/anna.nardi/Library/CloudStorage/OneDrive-Raccoltecondivise-DuckyNetworkS.r.l/E-Commerce - FOTO PRODOTTO 2019_2022_2023_2024_2025/DISCHI/WK3/WK3147R.png -> SKU WK3147R -> uid 41160790: OK
[192/274] /Users/anna.nardi/Library/CloudStorage/OneDrive-Raccoltecondivise-DuckyNetworkS.r.l/E-Commerce - FOTO PRODOTTO 2019_2022_2023_2024_2025/DISCHI/WK3/WK3148L.jpg -> SKU WK3148L -> uid 41160791: OK
[193/274] /Users/anna.nardi/Library/CloudStorage/OneDrive-Raccoltecondivise-DuckyNetworkS.r.l/E-Commerce - FOTO PRODOTTO 2019_2022_2023_2024_2025/DISCHI/WK3/WK3148R.jpg -> SKU WK3148R -> uid 41160792: OK
[194/274] /Users/anna.nardi/Library/CloudStorage/OneDrive-Raccoltecondivise-DuckyNetworkS.r.l/E-Commerce - FOTO PRODOTTO 2019_2022_2023_2024_2025/DISCHI/WK3/WK3149L.jpg -> SKU WK3149L -> uid 41160793: OK
[195/274] /Users/anna.nardi/Library/CloudStorage/OneDrive-Raccoltecondivise-DuckyNetworkS.r.l/E-Commerce - FOTO PRODOTTO 2019_2022_2023_2024_2025/DISCHI/WK3/WK3149R.jpg -> SKU WK3149R -> uid 41160794: OK
[196/274] /Users/anna.nardi/Library/CloudStorage/OneDrive-Raccoltecondivise-DuckyNetworkS.r.l/E-Commerce - FOTO PRODOTTO 2019_2022_2023_2024_2025/DISCHI/WK3/WK3150L.jpg -> SKU WK3150L -> uid 41160795: OK
[197/274] /Users/anna.nardi/Library/CloudStorage/OneDrive-Raccoltecondivise-DuckyNetworkS.r.l/E-Commerce - FOTO PRODOTTO 2019_2022_2023_2024_2025/DISCHI/WK3/WK3150R.jpg -> SKU WK3150R -> uid 41160796: OK
[198/274] /Users/anna.nardi/Library/CloudStorage/OneDrive-Raccoltecondivise-DuckyNetworkS.r.l/E-Commerce - FOTO PRODOTTO 2019_2022_2023_2024_2025/DISCHI/WK3/WK3154L.jpg -> SKU WK3154L -> uid 41160801: OK
[199/274] /Users/anna.nardi/Library/CloudStorage/OneDrive-Raccoltecondivise-DuckyNetworkS.r.l/E-Commerce - FOTO PRODOTTO 2019_2022_2023_2024_2025/DISCHI/WK3/WK3154R.jpg -> SKU WK3154R -> uid 41160802: OK
[200/274] /Users/anna.nardi/Library/CloudStorage/OneDrive-Raccoltecondivise-DuckyNetworkS.r.l/E-Commerce - FOTO PRODOTTO 2019_2022_2023_2024_2025/DISCHI/WK3/WK3156R.jpg -> SKU WK3156R -> uid 41160804: OK
[201/274] /Users/anna.nardi/Library/CloudStorage/OneDrive-Raccoltecondivise-DuckyNetworkS.r.l/E-Commerce - FOTO PRODOTTO 2019_2022_2023_2024_2025/DISCHI/WK3/WK3158L.jpg -> SKU WK3158L -> uid 41160805: OK
[202/274] /Users/anna.nardi/Library/CloudStorage/OneDrive-Raccoltecondivise-DuckyNetworkS.r.l/E-Commerce - FOTO PRODOTTO 2019_2022_2023_2024_2025/DISCHI/WK3/WK3158R.jpg -> SKU WK3158R -> uid 41160806: OK
[203/274] /Users/anna.nardi/Library/CloudStorage/OneDrive-Raccoltecondivise-DuckyNetworkS.r.l/E-Commerce - FOTO PRODOTTO 2019_2022_2023_2024_2025/DISCHI/WK3/WK3160R.jpg -> SKU WK3160R -> uid 41160807: OK
[204/274] /Users/anna.nardi/Library/CloudStorage/OneDrive-Raccoltecondivise-DuckyNetworkS.r.l/E-Commerce - FOTO PRODOTTO 2019_2022_2023_2024_2025/DISCHI/WK3/WK3161L.jpg -> SKU WK3161L -> uid 41160808: OK
[205/274] /Users/anna.nardi/Library/CloudStorage/OneDrive-Raccoltecondivise-DuckyNetworkS.r.l/E-Commerce - FOTO PRODOTTO 2019_2022_2023_2024_2025/DISCHI/WK3/WK3161R.jpg -> SKU WK3161R -> uid 41160809: OK
[206/274] /Users/anna.nardi/Library/CloudStorage/OneDrive-Raccoltecondivise-DuckyNetworkS.r.l/E-Commerce - FOTO PRODOTTO 2019_2022_2023_2024_2025/DISCHI/WK3/WK3162L.jpg -> SKU WK3162L -> uid 41160810: OK
[207/274] /Users/anna.nardi/Library/CloudStorage/OneDrive-Raccoltecondivise-DuckyNetworkS.r.l/E-Commerce - FOTO PRODOTTO 2019_2022_2023_2024_2025/DISCHI/WK3/WK3162R.jpg -> SKU WK3162R -> uid 41160811: OK
[208/274] /Users/anna.nardi/Library/CloudStorage/OneDrive-Raccoltecondivise-DuckyNetworkS.r.l/E-Commerce - FOTO PRODOTTO 2019_2022_2023_2024_2025/DISCHI/WK3/WK3163R.jpg -> SKU WK3163R -> uid 41464573: OK
[209/274] /Users/anna.nardi/Library/CloudStorage/OneDrive-Raccoltecondivise-DuckyNetworkS.r.l/E-Commerce - FOTO PRODOTTO 2019_2022_2023_2024_2025/DISCHI/WK3/WK3164L.jpg -> SKU WK3164L -> uid 41160812: OK
[210/274] /Users/anna.nardi/Library/CloudStorage/OneDrive-Raccoltecondivise-DuckyNetworkS.r.l/E-Commerce - FOTO PRODOTTO 2019_2022_2023_2024_2025/DISCHI/WK3/WK3165L.jpg -> SKU WK3165L -> uid 41160814: OK
[211/274] /Users/anna.nardi/Library/CloudStorage/OneDrive-Raccoltecondivise-DuckyNetworkS.r.l/E-Commerce - FOTO PRODOTTO 2019_2022_2023_2024_2025/DISCHI/WK3/WK3165R.jpg -> SKU WK3165R -> uid 41160815: OK
[212/274] /Users/anna.nardi/Library/CloudStorage/OneDrive-Raccoltecondivise-DuckyNetworkS.r.l/E-Commerce - FOTO PRODOTTO 2019_2022_2023_2024_2025/DISCHI/W-FLO/WL1001.jpg -> SKU WL1001 -> uid 41160818: OK
[213/274] /Users/anna.nardi/Library/CloudStorage/OneDrive-Raccoltecondivise-DuckyNetworkS.r.l/E-Commerce - FOTO PRODOTTO 2019_2022_2023_2024_2025/DISCHI/W-FLO/WL4002.jpg -> SKU WL4002 -> uid 41160819: OK
[214/274] /Users/anna.nardi/Library/CloudStorage/OneDrive-Raccoltecondivise-DuckyNetworkS.r.l/E-Commerce - FOTO PRODOTTO 2019_2022_2023_2024_2025/DISCHI/W-FLO/WL4003.jpg -> SKU WL4003 -> uid 41160820: OK
[215/274] /Users/anna.nardi/Library/CloudStorage/OneDrive-Raccoltecondivise-DuckyNetworkS.r.l/E-Commerce - FOTO PRODOTTO 2019_2022_2023_2024_2025/DISCHI/W-FLO/WL4005.jpg -> SKU WL4005 -> uid 41160821: OK
[216/274] /Users/anna.nardi/Library/CloudStorage/OneDrive-Raccoltecondivise-DuckyNetworkS.r.l/E-Commerce - FOTO PRODOTTO 2019_2022_2023_2024_2025/DISCHI/W-FLO/WL4007.jpg -> SKU WL4007 -> uid 41160822: OK
[217/274] /Users/anna.nardi/Library/CloudStorage/OneDrive-Raccoltecondivise-DuckyNetworkS.r.l/E-Commerce - FOTO PRODOTTO 2019_2022_2023_2024_2025/DISCHI/W-FLO/WL4008.jpg -> SKU WL4008 -> uid 41160823: OK
[218/274] /Users/anna.nardi/Library/CloudStorage/OneDrive-Raccoltecondivise-DuckyNetworkS.r.l/E-Commerce - FOTO PRODOTTO 2019_2022_2023_2024_2025/DISCHI/W-FLO/WL4010.jpg -> SKU WL4010 -> uid 41160824: OK
[219/274] /Users/anna.nardi/Library/CloudStorage/OneDrive-Raccoltecondivise-DuckyNetworkS.r.l/E-Commerce - FOTO PRODOTTO 2019_2022_2023_2024_2025/DISCHI/W-FLO/WL4012.jpg -> SKU WL4012 -> uid 41160825: OK
[220/274] /Users/anna.nardi/Library/CloudStorage/OneDrive-Raccoltecondivise-DuckyNetworkS.r.l/E-Commerce - FOTO PRODOTTO 2019_2022_2023_2024_2025/DISCHI/W-FLO/WL4014.jpg -> SKU WL4014 -> uid 41160826: OK
[221/274] /Users/anna.nardi/Library/CloudStorage/OneDrive-Raccoltecondivise-DuckyNetworkS.r.l/E-Commerce - FOTO PRODOTTO 2019_2022_2023_2024_2025/DISCHI/W-FLO/WL4016.jpg -> SKU WL4016 -> uid 41160827: OK
[222/274] /Users/anna.nardi/Library/CloudStorage/OneDrive-Raccoltecondivise-DuckyNetworkS.r.l/E-Commerce - FOTO PRODOTTO 2019_2022_2023_2024_2025/DISCHI/W-FLO/WL7001L.jpg -> SKU WL7001L -> uid 41160828: OK
[223/274] /Users/anna.nardi/Library/CloudStorage/OneDrive-Raccoltecondivise-DuckyNetworkS.r.l/E-Commerce - FOTO PRODOTTO 2019_2022_2023_2024_2025/DISCHI/W-FLO/WL8001L.jpg -> SKU WL8001L -> uid 41160829: OK
[224/274] /Users/anna.nardi/Library/CloudStorage/OneDrive-Raccoltecondivise-DuckyNetworkS.r.l/E-Commerce - FOTO PRODOTTO 2019_2022_2023_2024_2025/DISCHI/W-FLO/WL8001R.jpg -> SKU WL8001R -> uid 41160830: OK
[225/274] /Users/anna.nardi/Library/CloudStorage/OneDrive-Raccoltecondivise-DuckyNetworkS.r.l/E-Commerce - FOTO PRODOTTO 2019_2022_2023_2024_2025/DISCHI/W-FLO/WL8002R.jpg -> SKU WL8002R -> uid 41160831: OK
[226/274] /Users/anna.nardi/Library/CloudStorage/OneDrive-Raccoltecondivise-DuckyNetworkS.r.l/E-Commerce - FOTO PRODOTTO 2019_2022_2023_2024_2025/DISCHI/W-FLO/WL8003L.jpg -> SKU WL8003L -> uid 41160832: OK
[227/274] /Users/anna.nardi/Library/CloudStorage/OneDrive-Raccoltecondivise-DuckyNetworkS.r.l/E-Commerce - FOTO PRODOTTO 2019_2022_2023_2024_2025/DISCHI/W-FLO/WL8003R.jpg -> SKU WL8003R -> uid 41160833: OK
[228/274] /Users/anna.nardi/Library/CloudStorage/OneDrive-Raccoltecondivise-DuckyNetworkS.r.l/E-Commerce - FOTO PRODOTTO 2019_2022_2023_2024_2025/DISCHI/R-FIX/YA01RI.jpg -> SKU YA01RI -> uid 41160834: OK
[229/274] /Users/anna.nardi/Library/CloudStorage/OneDrive-Raccoltecondivise-DuckyNetworkS.r.l/E-Commerce - FOTO PRODOTTO 2019_2022_2023_2024_2025/DISCHI/R-FIX/YA01RID.jpg -> SKU YA01RID -> uid 41160835: OK
[230/274] /Users/anna.nardi/Library/CloudStorage/OneDrive-Raccoltecondivise-DuckyNetworkS.r.l/E-Commerce - FOTO PRODOTTO 2019_2022_2023_2024_2025/DISCHI/R-FIX/YA02FI.jpg -> SKU YA02FI -> uid 41160836: OK
[231/274] /Users/anna.nardi/Library/CloudStorage/OneDrive-Raccoltecondivise-DuckyNetworkS.r.l/E-Commerce - FOTO PRODOTTO 2019_2022_2023_2024_2025/DISCHI/R-FIX/YA02RI.jpg -> SKU YA02RI -> uid 41160837: OK
[232/274] /Users/anna.nardi/Library/CloudStorage/OneDrive-Raccoltecondivise-DuckyNetworkS.r.l/E-Commerce - FOTO PRODOTTO 2019_2022_2023_2024_2025/DISCHI/R-FIX/YA03FI.jpg -> SKU YA03FI -> uid 41160838: OK
[233/274] /Users/anna.nardi/Library/CloudStorage/OneDrive-Raccoltecondivise-DuckyNetworkS.r.l/E-Commerce - FOTO PRODOTTO 2019_2022_2023_2024_2025/DISCHI/R-FIX/YA03RI.jpg -> SKU YA03RI -> uid 41160839: OK
[234/274] /Users/anna.nardi/Library/CloudStorage/OneDrive-Raccoltecondivise-DuckyNetworkS.r.l/E-Commerce - FOTO PRODOTTO 2019_2022_2023_2024_2025/DISCHI/R-FIX/YA05FI.jpg -> SKU YA05FI -> uid 41160840: OK
[235/274] /Users/anna.nardi/Library/CloudStorage/OneDrive-Raccoltecondivise-DuckyNetworkS.r.l/E-Commerce - FOTO PRODOTTO 2019_2022_2023_2024_2025/DISCHI/R-FIX/YA05FID.jpg -> SKU YA05FID -> uid 41160841: OK
[236/274] /Users/anna.nardi/Library/CloudStorage/OneDrive-Raccoltecondivise-DuckyNetworkS.r.l/E-Commerce - FOTO PRODOTTO 2019_2022_2023_2024_2025/DISCHI/R-FIX/YA06FID.jpg -> SKU YA06FID -> uid 41160842: OK
[237/274] /Users/anna.nardi/Library/CloudStorage/OneDrive-Raccoltecondivise-DuckyNetworkS.r.l/E-Commerce - FOTO PRODOTTO 2019_2022_2023_2024_2025/DISCHI/R-FIX/YA08RI.jpg -> SKU YA08RI -> uid 41160843: OK
[238/274] /Users/anna.nardi/Library/CloudStorage/OneDrive-Raccoltecondivise-DuckyNetworkS.r.l/E-Commerce - FOTO PRODOTTO 2019_2022_2023_2024_2025/DISCHI/R-FIX/YA08RID.jpg -> SKU YA08RID -> uid 41160844: OK
[239/274] /Users/anna.nardi/Library/CloudStorage/OneDrive-Raccoltecondivise-DuckyNetworkS.r.l/E-Commerce - FOTO PRODOTTO 2019_2022_2023_2024_2025/DISCHI/R-FIX/YA09RI.jpg -> SKU YA09RI -> uid 41160845: OK
[240/274] /Users/anna.nardi/Library/CloudStorage/OneDrive-Raccoltecondivise-DuckyNetworkS.r.l/E-Commerce - FOTO PRODOTTO 2019_2022_2023_2024_2025/DISCHI/R-FIX/YA09RID.jpg -> SKU YA09RID -> uid 41160846: OK
[241/274] /Users/anna.nardi/Library/CloudStorage/OneDrive-Raccoltecondivise-DuckyNetworkS.r.l/E-Commerce - FOTO PRODOTTO 2019_2022_2023_2024_2025/DISCHI/R-FIX/YA10RID.jpg -> SKU YA10RID -> uid 41160847: OK
[242/274] /Users/anna.nardi/Library/CloudStorage/OneDrive-Raccoltecondivise-DuckyNetworkS.r.l/E-Commerce - FOTO PRODOTTO 2019_2022_2023_2024_2025/DISCHI/R-FIX/YA12FI.jpg -> SKU YA12FI -> uid 41160848: OK
[243/274] /Users/anna.nardi/Library/CloudStorage/OneDrive-Raccoltecondivise-DuckyNetworkS.r.l/E-Commerce - FOTO PRODOTTO 2019_2022_2023_2024_2025/DISCHI/R-FIX/YA12FID.jpg -> SKU YA12FID -> uid 41160849: OK
[244/274] /Users/anna.nardi/Library/CloudStorage/OneDrive-Raccoltecondivise-DuckyNetworkS.r.l/E-Commerce - FOTO PRODOTTO 2019_2022_2023_2024_2025/DISCHI/R-FIX/YA17FI.jpg -> SKU YA17FI -> uid 41160850: OK
[245/274] /Users/anna.nardi/Library/CloudStorage/OneDrive-Raccoltecondivise-DuckyNetworkS.r.l/E-Commerce - FOTO PRODOTTO 2019_2022_2023_2024_2025/DISCHI/R-FIX/YA18FID.jpg -> SKU YA18FID -> uid 41160851: OK
[246/274] /Users/anna.nardi/Library/CloudStorage/OneDrive-Raccoltecondivise-DuckyNetworkS.r.l/E-Commerce - FOTO PRODOTTO 2019_2022_2023_2024_2025/DISCHI/R-FIX/YA19FI.jpg -> SKU YA19FI -> uid 41160852: OK
[247/274] /Users/anna.nardi/Library/CloudStorage/OneDrive-Raccoltecondivise-DuckyNetworkS.r.l/E-Commerce - FOTO PRODOTTO 2019_2022_2023_2024_2025/DISCHI/R-FIX/YA21FL.jpg -> SKU YA21FL -> uid 41160853: OK
[248/274] /Users/anna.nardi/Library/CloudStorage/OneDrive-Raccoltecondivise-DuckyNetworkS.r.l/E-Commerce - FOTO PRODOTTO 2019_2022_2023_2024_2025/DISCHI/W-FIX/YA22FID.jpg -> SKU YA22FID -> uid 41160854: OK
[249/274] /Users/anna.nardi/Library/CloudStorage/OneDrive-Raccoltecondivise-DuckyNetworkS.r.l/E-Commerce - FOTO PRODOTTO 2019_2022_2023_2024_2025/DISCHI/W-FIX/YA22RID.jpg -> SKU YA22RID -> uid 41160855: OK
[250/274] /Users/anna.nardi/Library/CloudStorage/OneDrive-Raccoltecondivise-DuckyNetworkS.r.l/E-Commerce - FOTO PRODOTTO 2019_2022_2023_2024_2025/DISCHI/R-FIX/YA23RI.jpg -> SKU YA23RI -> uid 41232184: OK
[251/274] /Users/anna.nardi/Library/CloudStorage/OneDrive-Raccoltecondivise-DuckyNetworkS.r.l/E-Commerce - FOTO PRODOTTO 2019_2022_2023_2024_2025/DISCHI/W-FIX/YA23RID.jpg -> SKU YA23RID -> uid 41160856: OK
[252/274] /Users/anna.nardi/Library/CloudStorage/OneDrive-Raccoltecondivise-DuckyNetworkS.r.l/E-Commerce - FOTO PRODOTTO 2019_2022_2023_2024_2025/DISCHI/W-FIX/YA24RID.jpg -> SKU YA24RID -> uid 41160857: OK
[253/274] /Users/anna.nardi/Library/CloudStorage/OneDrive-Raccoltecondivise-DuckyNetworkS.r.l/E-Commerce - FOTO PRODOTTO 2019_2022_2023_2024_2025/DISCHI/W-FIX/YA25FID.jpg -> SKU YA25FID -> uid 41160858: OK
[254/274] /Users/anna.nardi/Library/CloudStorage/OneDrive-Raccoltecondivise-DuckyNetworkS.r.l/E-Commerce - FOTO PRODOTTO 2019_2022_2023_2024_2025/DISCHI/W-FIX/YA30FID.jpg -> SKU YA30FID -> uid 41160859: OK
[255/274] /Users/anna.nardi/Library/CloudStorage/OneDrive-Raccoltecondivise-DuckyNetworkS.r.l/E-Commerce - FOTO PRODOTTO 2019_2022_2023_2024_2025/DISCHI/W-FIX/YA30RID.jpg -> SKU YA30RID -> uid 41160860: OK
[256/274] /Users/anna.nardi/Library/CloudStorage/OneDrive-Raccoltecondivise-DuckyNetworkS.r.l/E-Commerce - FOTO PRODOTTO 2019_2022_2023_2024_2025/DISCHI/W-FIX/YA31RID.jpg -> SKU YA31RID -> uid 41160861: OK
[257/274] /Users/anna.nardi/Library/CloudStorage/OneDrive-Raccoltecondivise-DuckyNetworkS.r.l/E-Commerce - FOTO PRODOTTO 2019_2022_2023_2024_2025/DISCHI/W-FIX/YA32FID.jpg -> SKU YA32FID -> uid 41160862: OK
[258/274] /Users/anna.nardi/Library/CloudStorage/OneDrive-Raccoltecondivise-DuckyNetworkS.r.l/E-Commerce - FOTO PRODOTTO 2019_2022_2023_2024_2025/DISCHI/R-FIX/YA32RI.jpg -> SKU YA32RI -> uid 41160863: OK
[259/274] /Users/anna.nardi/Library/CloudStorage/OneDrive-Raccoltecondivise-DuckyNetworkS.r.l/E-Commerce - FOTO PRODOTTO 2019_2022_2023_2024_2025/DISCHI/W-FIX/YA32RID.jpg -> SKU YA32RID -> uid 41160864: OK
[260/274] /Users/anna.nardi/Library/CloudStorage/OneDrive-Raccoltecondivise-DuckyNetworkS.r.l/E-Commerce - FOTO PRODOTTO 2019_2022_2023_2024_2025/DISCHI/R-FIX/YA34RI.jpg -> SKU YA34RI -> uid 41160865: OK
[261/274] /Users/anna.nardi/Library/CloudStorage/OneDrive-Raccoltecondivise-DuckyNetworkS.r.l/E-Commerce - FOTO PRODOTTO 2019_2022_2023_2024_2025/DISCHI/W-FIX/YA34RID.jpg -> SKU YA34RID -> uid 41160866: OK
[262/274] /Users/anna.nardi/Library/CloudStorage/OneDrive-Raccoltecondivise-DuckyNetworkS.r.l/E-Commerce - FOTO PRODOTTO 2019_2022_2023_2024_2025/DISCHI/W-FIX/YA39FID.jpg -> SKU YA39FID -> uid 41160867: OK
[263/274] /Users/anna.nardi/Library/CloudStorage/OneDrive-Raccoltecondivise-DuckyNetworkS.r.l/E-Commerce - FOTO PRODOTTO 2019_2022_2023_2024_2025/DISCHI/W-FIX/YA43RID.jpg -> SKU YA43RID -> uid 41160868: OK
[264/274] /Users/anna.nardi/Library/CloudStorage/OneDrive-Raccoltecondivise-DuckyNetworkS.r.l/E-Commerce - FOTO PRODOTTO 2019_2022_2023_2024_2025/DISCHI/R-FIX/YA44RI.jpg -> SKU YA44RI -> uid 41160869: OK
[265/274] /Users/anna.nardi/Library/CloudStorage/OneDrive-Raccoltecondivise-DuckyNetworkS.r.l/E-Commerce - FOTO PRODOTTO 2019_2022_2023_2024_2025/DISCHI/W-FIX/YA44RID.JPG -> SKU YA44RID -> uid 41160870: OK
[266/274] /Users/anna.nardi/Library/CloudStorage/OneDrive-Raccoltecondivise-DuckyNetworkS.r.l/E-Commerce - FOTO PRODOTTO 2019_2022_2023_2024_2025/DISCHI/W-FLO/YA45FLD.jpg -> SKU YA45FLD -> uid 41160871: OK
[267/274] /Users/anna.nardi/Library/CloudStorage/OneDrive-Raccoltecondivise-DuckyNetworkS.r.l/E-Commerce - FOTO PRODOTTO 2019_2022_2023_2024_2025/DISCHI/W-FLO/YA46FLD.jpg -> SKU YA46FLD -> uid 41160872: OK
[268/274] /Users/anna.nardi/Library/CloudStorage/OneDrive-Raccoltecondivise-DuckyNetworkS.r.l/E-Commerce - FOTO PRODOTTO 2019_2022_2023_2024_2025/DISCHI/W-FIX/YA46RID.jpg -> SKU YA46RID -> uid 41160873: OK
[269/274] /Users/anna.nardi/Library/CloudStorage/OneDrive-Raccoltecondivise-DuckyNetworkS.r.l/E-Commerce - FOTO PRODOTTO 2019_2022_2023_2024_2025/DISCHI/W-FLO/YA47FLD.jpg -> SKU YA47FLD -> uid 41160874: OK
[270/274] /Users/anna.nardi/Library/CloudStorage/OneDrive-Raccoltecondivise-DuckyNetworkS.r.l/E-Commerce - FOTO PRODOTTO 2019_2022_2023_2024_2025/DISCHI/W-FIX/YA47RID.jpg -> SKU YA47RID -> uid 41160875: OK
[271/274] /Users/anna.nardi/Library/CloudStorage/OneDrive-Raccoltecondivise-DuckyNetworkS.r.l/E-Commerce - FOTO PRODOTTO 2019_2022_2023_2024_2025/DISCHI/R-FIX/YA48RI.jpg -> SKU YA48RI -> uid 41160876: OK
[272/274] /Users/anna.nardi/Library/CloudStorage/OneDrive-Raccoltecondivise-DuckyNetworkS.r.l/E-Commerce - FOTO PRODOTTO 2019_2022_2023_2024_2025/DISCHI/W-FIX/YA48RID.jpg -> SKU YA48RID -> uid 41160877: OK
[273/274] /Users/anna.nardi/Library/CloudStorage/OneDrive-Raccoltecondivise-DuckyNetworkS.r.l/E-Commerce - FOTO PRODOTTO 2019_2022_2023_2024_2025/DISCHI/W-FIX/YA51RID.jpg -> SKU YA51RID -> uid 41160878: OK
[274/274] /Users/anna.nardi/Library/CloudStorage/OneDrive-Raccoltecondivise-DuckyNetworkS.r.l/E-Commerce - FOTO PRODOTTO 2019_2022_2023_2024_2025/DISCHI/W-FIX/YA52RID.jpg -> SKU YA52RID -> uid 41160879: OK

Completato. OK: 274  Falliti: 0  Report: report_full.csv
