Mapping caricato: 1818 SKU trovati nel CSV
SKU con immagine risolta senza ambiguita': 3997
SKU con file candidati ambigui (esclusi da questo giro): 22
SKU del catalogo senza nessuna immagine: 307 (vedi sku_senza_immagine.csv)
Immagini da caricare in questo giro: 1480
[1/1480] /Users/anna.nardi/Library/CloudStorage/OneDrive-Raccoltecondivise-DuckyNetworkS.r.l/E-Commerce - FOTO PRODOTTO 2019_2022_2023_2024_2025/PASTIGLIE/CM46/701CM46.jpg -> SKU 701CM46 -> uid 41158797: OK
[2/1480] /Users/anna.nardi/Library/CloudStorage/OneDrive-Raccoltecondivise-DuckyNetworkS.r.l/E-Commerce - FOTO PRODOTTO 2019_2022_2023_2024_2025/PASTIGLIE/CM44/702CM44.jpg -> SKU 702CM44 -> uid 41158799: OK
[3/1480] /Users/anna.nardi/Library/CloudStorage/OneDrive-Raccoltecondivise-DuckyNetworkS.r.l/E-Commerce - FOTO PRODOTTO 2019_2022_2023_2024_2025/PASTIGLIE/CM44/703CM44.jpg -> SKU 703CM44 -> uid 41158801: OK
[4/1480] /Users/anna.nardi/Library/CloudStorage/OneDrive-Raccoltecondivise-DuckyNetworkS.r.l/E-Commerce - FOTO PRODOTTO 2019_2022_2023_2024_2025/PASTIGLIE/CM55/704CM55.jpg -> SKU 704CM55 -> uid 41158803: OK
[5/1480] /Users/anna.nardi/Library/CloudStorage/OneDrive-Raccoltecondivise-DuckyNetworkS.r.l/E-Commerce - FOTO PRODOTTO 2019_2022_2023_2024_2025/PASTIGLIE/SM1/704SM1.jpg -> SKU 704SM1 -> uid 41158804: OK
[6/1480] /Users/anna.nardi/Library/CloudStorage/OneDrive-Raccoltecondivise-DuckyNetworkS.r.l/E-Commerce - FOTO PRODOTTO 2019_2022_2023_2024_2025/PASTIGLIE/CM44/705CM44.jpg -> SKU 705CM44 -> uid 41158805: OK
[7/1480] /Users/anna.nardi/Library/CloudStorage/OneDrive-Raccoltecondivise-DuckyNetworkS.r.l/E-Commerce - FOTO PRODOTTO 2019_2022_2023_2024_2025/PASTIGLIE/SM1/705SM1.jpg -> SKU 705SM1 -> uid 41158806: OK
[8/1480] /Users/anna.nardi/Library/CloudStorage/OneDrive-Raccoltecondivise-DuckyNetworkS.r.l/E-Commerce - FOTO PRODOTTO 2019_2022_2023_2024_2025/PASTIGLIE/CM55/707CM55.jpg -> SKU 707CM55 -> uid 41158807: OK
[9/1480] /Users/anna.nardi/Library/CloudStorage/OneDrive-Raccoltecondivise-DuckyNetworkS.r.l/E-Commerce - FOTO PRODOTTO 2019_2022_2023_2024_2025/PASTIGLIE/SM1/709SM1.jpg -> SKU 709SM1 -> uid 41158809: OK
[10/1480] /Users/anna.nardi/Library/CloudStorage/OneDrive-Raccoltecondivise-DuckyNetworkS.r.l/E-Commerce - FOTO PRODOTTO 2019_2022_2023_2024_2025/PASTIGLIE/CM56/711CM56.jpg -> SKU 711CM56 -> uid 41158810: OK
[11/1480] /Users/anna.nardi/Library/CloudStorage/OneDrive-Raccoltecondivise-DuckyNetworkS.r.l/E-Commerce - FOTO PRODOTTO 2019_2022_2023_2024_2025/PASTIGLIE/SM1/712SM1.jpg -> SKU 712SM1 -> uid 41158812: OK
[12/1480] /Users/anna.nardi/Library/CloudStorage/OneDrive-Raccoltecondivise-DuckyNetworkS.r.l/E-Commerce - FOTO PRODOTTO 2019_2022_2023_2024_2025/PASTIGLIE/CM55/715CM55.jpg -> SKU 715CM55 -> uid 41158813: OK
[13/1480] /Users/anna.nardi/Library/CloudStorage/OneDrive-Raccoltecondivise-DuckyNetworkS.r.l/E-Commerce - FOTO PRODOTTO 2019_2022_2023_2024_2025/PASTIGLIE/CM55/716CM55.jpg -> SKU 716CM55 -> uid 41158815: OK
[14/1480] /Users/anna.nardi/Library/CloudStorage/OneDrive-Raccoltecondivise-DuckyNetworkS.r.l/E-Commerce - FOTO PRODOTTO 2019_2022_2023_2024_2025/PASTIGLIE/SM1/717SM1.jpg -> SKU 717SM1 -> uid 41158817: OK
[15/1480] /Users/anna.nardi/Library/CloudStorage/OneDrive-Raccoltecondivise-DuckyNetworkS.r.l/E-Commerce - FOTO PRODOTTO 2019_2022_2023_2024_2025/PASTIGLIE/CM56/719CM56.jpg -> SKU 719CM56 -> uid 41158818: OK
[16/1480] /Users/anna.nardi/Library/CloudStorage/OneDrive-Raccoltecondivise-DuckyNetworkS.r.l/E-Commerce - FOTO PRODOTTO 2019_2022_2023_2024_2025/PASTIGLIE/CM55/720CM55.jpg -> SKU 720CM55 -> uid 41158820: OK
[17/1480] /Users/anna.nardi/Library/CloudStorage/OneDrive-Raccoltecondivise-DuckyNetworkS.r.l/E-Commerce - FOTO PRODOTTO 2019_2022_2023_2024_2025/PASTIGLIE/CM56/720CM56.jpg -> SKU 720CM56 -> uid 41158821: OK
[18/1480] /Users/anna.nardi/Library/CloudStorage/OneDrive-Raccoltecondivise-DuckyNetworkS.r.l/E-Commerce - FOTO PRODOTTO 2019_2022_2023_2024_2025/PASTIGLIE/CM44/722CM44.jpg -> SKU 722CM44 -> uid 41158823: OK
[19/1480] /Users/anna.nardi/Library/CloudStorage/OneDrive-Raccoltecondivise-DuckyNetworkS.r.l/E-Commerce - FOTO PRODOTTO 2019_2022_2023_2024_2025/PASTIGLIE/CM44/725CM44.jpg -> SKU 725CM44 -> uid 41158825: OK
[20/1480] /Users/anna.nardi/Library/CloudStorage/OneDrive-Raccoltecondivise-DuckyNetworkS.r.l/E-Commerce - FOTO PRODOTTO 2019_2022_2023_2024_2025/PASTIGLIE/SM1/728SM1.jpg -> SKU 728SM1 -> uid 41158828: OK
[21/1480] /Users/anna.nardi/Library/CloudStorage/OneDrive-Raccoltecondivise-DuckyNetworkS.r.l/E-Commerce - FOTO PRODOTTO 2019_2022_2023_2024_2025/PASTIGLIE/SM1/729SM1.jpg -> SKU 729SM1 -> uid 41158829: OK
[22/1480] /Users/anna.nardi/Library/CloudStorage/OneDrive-Raccoltecondivise-DuckyNetworkS.r.l/E-Commerce - FOTO PRODOTTO 2019_2022_2023_2024_2025/PASTIGLIE/CM77/732CM77.jpg -> SKU 732CM77 -> uid 41158830: OK
[23/1480] /Users/anna.nardi/Library/CloudStorage/OneDrive-Raccoltecondivise-DuckyNetworkS.r.l/E-Commerce - FOTO PRODOTTO 2019_2022_2023_2024_2025/PASTIGLIE/CM88/734CM88.jpg -> SKU 734CM88 -> uid 41158831: OK
[24/1480] /Users/anna.nardi/Library/CloudStorage/OneDrive-Raccoltecondivise-DuckyNetworkS.r.l/E-Commerce - FOTO PRODOTTO 2019_2022_2023_2024_2025/PASTIGLIE/SM1/735SM1.jpg -> SKU 735SM1 -> uid 41158832: OK
[25/1480] /Users/anna.nardi/Library/CloudStorage/OneDrive-Raccoltecondivise-DuckyNetworkS.r.l/E-Commerce - FOTO PRODOTTO 2019_2022_2023_2024_2025/PASTIGLIE/SM1/739SM1.jpg -> SKU 739SM1 -> uid 41158834: OK
[26/1480] /Users/anna.nardi/Library/CloudStorage/OneDrive-Raccoltecondivise-DuckyNetworkS.r.l/E-Commerce - FOTO PRODOTTO 2019_2022_2023_2024_2025/PASTIGLIE/CM56/742CM56.jpg -> SKU 742CM56 -> uid 41158836: OK
[27/1480] /Users/anna.nardi/Library/CloudStorage/OneDrive-Raccoltecondivise-DuckyNetworkS.r.l/E-Commerce - FOTO PRODOTTO 2019_2022_2023_2024_2025/PASTIGLIE/SM1/743SM1.jpg -> SKU 743SM1 -> uid 41158838: OK
[28/1480] /Users/anna.nardi/Library/CloudStorage/OneDrive-Raccoltecondivise-DuckyNetworkS.r.l/E-Commerce - FOTO PRODOTTO 2019_2022_2023_2024_2025/PASTIGLIE/CM44/746CM44.jpg -> SKU 746CM44 -> uid 41158840: OK
[29/1480] /Users/anna.nardi/Library/CloudStorage/OneDrive-Raccoltecondivise-DuckyNetworkS.r.l/E-Commerce - FOTO PRODOTTO 2019_2022_2023_2024_2025/PASTIGLIE/CM46/746CM46.jpg -> SKU 746CM46 -> uid 41158841: OK
[30/1480] /Users/anna.nardi/Library/CloudStorage/OneDrive-Raccoltecondivise-DuckyNetworkS.r.l/E-Commerce - FOTO PRODOTTO 2019_2022_2023_2024_2025/PASTIGLIE/CM55/746CM55.jpg -> SKU 746CM55 -> uid 41158842: OK
[31/1480] /Users/anna.nardi/Library/CloudStorage/OneDrive-Raccoltecondivise-DuckyNetworkS.r.l/E-Commerce - FOTO PRODOTTO 2019_2022_2023_2024_2025/PASTIGLIE/CM56/748CM56.jpg -> SKU 748CM56 -> uid 41158844: OK
[32/1480] /Users/anna.nardi/Library/CloudStorage/OneDrive-Raccoltecondivise-DuckyNetworkS.r.l/E-Commerce - FOTO PRODOTTO 2019_2022_2023_2024_2025/PASTIGLIE/SM1/751SM1.jpg -> SKU 751SM1 -> uid 41158847: OK
[33/1480] /Users/anna.nardi/Library/CloudStorage/OneDrive-Raccoltecondivise-DuckyNetworkS.r.l/E-Commerce - FOTO PRODOTTO 2019_2022_2023_2024_2025/PASTIGLIE/CM55/756CM55.jpg -> SKU 756CM55 -> uid 41158848: OK
[34/1480] /Users/anna.nardi/Library/CloudStorage/OneDrive-Raccoltecondivise-DuckyNetworkS.r.l/E-Commerce - FOTO PRODOTTO 2019_2022_2023_2024_2025/PASTIGLIE/SM1/757SM1.jpg -> SKU 757SM1 -> uid 41158850: OK
[35/1480] /Users/anna.nardi/Library/CloudStorage/OneDrive-Raccoltecondivise-DuckyNetworkS.r.l/E-Commerce - FOTO PRODOTTO 2019_2022_2023_2024_2025/PASTIGLIE/CM55/764CM55.jpg -> SKU 764CM55 -> uid 41158853: OK
[36/1480] /Users/anna.nardi/Library/CloudStorage/OneDrive-Raccoltecondivise-DuckyNetworkS.r.l/E-Commerce - FOTO PRODOTTO 2019_2022_2023_2024_2025/PASTIGLIE/CM56/764CM66.jpg -> SKU 764CM66 -> uid 41158854: OK
[37/1480] /Users/anna.nardi/Library/CloudStorage/OneDrive-Raccoltecondivise-DuckyNetworkS.r.l/E-Commerce - FOTO PRODOTTO 2019_2022_2023_2024_2025/PASTIGLIE/CM44/772CM44.jpg -> SKU 772CM44 -> uid 41158857: OK
[38/1480] /Users/anna.nardi/Library/CloudStorage/OneDrive-Raccoltecondivise-DuckyNetworkS.r.l/E-Commerce - FOTO PRODOTTO 2019_2022_2023_2024_2025/PASTIGLIE/CM46/772CM46.jpg -> SKU 772CM46 -> uid 41158858: OK
[39/1480] /Users/anna.nardi/Library/CloudStorage/OneDrive-Raccoltecondivise-DuckyNetworkS.r.l/E-Commerce - FOTO PRODOTTO 2019_2022_2023_2024_2025/PASTIGLIE/CM46/773CM46.jpg -> SKU 773CM46 -> uid 41158860: OK
[40/1480] /Users/anna.nardi/Library/CloudStorage/OneDrive-Raccoltecondivise-DuckyNetworkS.r.l/E-Commerce - FOTO PRODOTTO 2019_2022_2023_2024_2025/PASTIGLIE/CM56/773CM56.jpg -> SKU 773CM56 -> uid 41158861: OK
[41/1480] /Users/anna.nardi/Library/CloudStorage/OneDrive-Raccoltecondivise-DuckyNetworkS.r.l/E-Commerce - FOTO PRODOTTO 2019_2022_2023_2024_2025/PASTIGLIE/SM1/774SM1.jpg -> SKU 774SM1 -> uid 41158863: OK
[42/1480] /Users/anna.nardi/Library/CloudStorage/OneDrive-Raccoltecondivise-DuckyNetworkS.r.l/E-Commerce - FOTO PRODOTTO 2019_2022_2023_2024_2025/PASTIGLIE/CM56/775CM56.jpg -> SKU 775CM56 -> uid 41158864: OK
[43/1480] /Users/anna.nardi/Library/CloudStorage/OneDrive-Raccoltecondivise-DuckyNetworkS.r.l/E-Commerce - FOTO PRODOTTO 2019_2022_2023_2024_2025/PASTIGLIE/CM55/776CM55.jpg -> SKU 776CM55 -> uid 41158866: OK
[44/1480] /Users/anna.nardi/Library/CloudStorage/OneDrive-Raccoltecondivise-DuckyNetworkS.r.l/E-Commerce - FOTO PRODOTTO 2019_2022_2023_2024_2025/PASTIGLIE/CM66/776CM66.jpg -> SKU 776CM66 -> uid 41158867: OK
[45/1480] /Users/anna.nardi/Library/CloudStorage/OneDrive-Raccoltecondivise-DuckyNetworkS.r.l/E-Commerce - FOTO PRODOTTO 2019_2022_2023_2024_2025/PASTIGLIE/CM55/777CM55.jpg -> SKU 777CM55 -> uid 41158868: OK
[46/1480] /Users/anna.nardi/Library/CloudStorage/OneDrive-Raccoltecondivise-DuckyNetworkS.r.l/E-Commerce - FOTO PRODOTTO 2019_2022_2023_2024_2025/PASTIGLIE/CM55/780CM55.jpg -> SKU 780CM55 -> uid 41158872: OK
[47/1480] /Users/anna.nardi/Library/CloudStorage/OneDrive-Raccoltecondivise-DuckyNetworkS.r.l/E-Commerce - FOTO PRODOTTO 2019_2022_2023_2024_2025/PASTIGLIE/CM55/782CM55.jpg -> SKU 782CM55 -> uid 41158874: OK
[48/1480] /Users/anna.nardi/Library/CloudStorage/OneDrive-Raccoltecondivise-DuckyNetworkS.r.l/E-Commerce - FOTO PRODOTTO 2019_2022_2023_2024_2025/PASTIGLIE/CM55/784CM55.jpg -> SKU 784CM55 -> uid 41158876: OK
[49/1480] /Users/anna.nardi/Library/CloudStorage/OneDrive-Raccoltecondivise-DuckyNetworkS.r.l/E-Commerce - FOTO PRODOTTO 2019_2022_2023_2024_2025/PASTIGLIE/CM66/784CM66.jpg -> SKU 784CM66 -> uid 41158877: OK
[50/1480] /Users/anna.nardi/Library/CloudStorage/OneDrive-Raccoltecondivise-DuckyNetworkS.r.l/E-Commerce - FOTO PRODOTTO 2019_2022_2023_2024_2025/PASTIGLIE/CM55/786CM55.jpg -> SKU 786CM55 -> uid 41158880: OK
[51/1480] /Users/anna.nardi/Library/CloudStorage/OneDrive-Raccoltecondivise-DuckyNetworkS.r.l/E-Commerce - FOTO PRODOTTO 2019_2022_2023_2024_2025/PASTIGLIE/CM66/786CM66.jpg -> SKU 786CM66 -> uid 41158881: OK
[52/1480] /Users/anna.nardi/Library/CloudStorage/OneDrive-Raccoltecondivise-DuckyNetworkS.r.l/E-Commerce - FOTO PRODOTTO 2019_2022_2023_2024_2025/PASTIGLIE/CM55/787CM55.jpg -> SKU 787CM55 -> uid 41158883: OK
[53/1480] /Users/anna.nardi/Library/CloudStorage/OneDrive-Raccoltecondivise-DuckyNetworkS.r.l/E-Commerce - FOTO PRODOTTO 2019_2022_2023_2024_2025/PASTIGLIE/CM56/794CM56.jpg -> SKU 794CM56 -> uid 41158885: OK
[54/1480] /Users/anna.nardi/Library/CloudStorage/OneDrive-Raccoltecondivise-DuckyNetworkS.r.l/E-Commerce - FOTO PRODOTTO 2019_2022_2023_2024_2025/PASTIGLIE/CM55/801CM55.jpg -> SKU 801CM55 -> uid 41158889: OK
[55/1480] /Users/anna.nardi/Library/CloudStorage/OneDrive-Raccoltecondivise-DuckyNetworkS.r.l/E-Commerce - FOTO PRODOTTO 2019_2022_2023_2024_2025/PASTIGLIE/SM1/805SM1.jpg -> SKU 805SM1 -> uid 41158890: OK
[56/1480] /Users/anna.nardi/Library/CloudStorage/OneDrive-Raccoltecondivise-DuckyNetworkS.r.l/E-Commerce - FOTO PRODOTTO 2019_2022_2023_2024_2025/PASTIGLIE/CM55/806CM55.jpg -> SKU 806CM55 -> uid 41158891: OK
[57/1480] /Users/anna.nardi/Library/CloudStorage/OneDrive-Raccoltecondivise-DuckyNetworkS.r.l/E-Commerce - FOTO PRODOTTO 2019_2022_2023_2024_2025/PASTIGLIE/SM1/806SM1.jpg -> SKU 806SM1 -> uid 41158892: OK
[58/1480] /Users/anna.nardi/Library/CloudStorage/OneDrive-Raccoltecondivise-DuckyNetworkS.r.l/E-Commerce - FOTO PRODOTTO 2019_2022_2023_2024_2025/PASTIGLIE/CM44/812CM44.jpg -> SKU 812CM44 -> uid 41158894: OK
[59/1480] /Users/anna.nardi/Library/CloudStorage/OneDrive-Raccoltecondivise-DuckyNetworkS.r.l/E-Commerce - FOTO PRODOTTO 2019_2022_2023_2024_2025/PASTIGLIE/CM55/813CM55.jpg -> SKU 813CM55 -> uid 41158895: OK
[60/1480] /Users/anna.nardi/Library/CloudStorage/OneDrive-Raccoltecondivise-DuckyNetworkS.r.l/E-Commerce - FOTO PRODOTTO 2019_2022_2023_2024_2025/PASTIGLIE/CM56/813CM56.jpg -> SKU 813CM56 -> uid 41158896: OK
[61/1480] /Users/anna.nardi/Library/CloudStorage/OneDrive-Raccoltecondivise-DuckyNetworkS.r.l/E-Commerce - FOTO PRODOTTO 2019_2022_2023_2024_2025/PASTIGLIE/SM1/817SM1.jpg -> SKU 817SM1 -> uid 41158899: OK
[62/1480] /Users/anna.nardi/Library/CloudStorage/OneDrive-Raccoltecondivise-DuckyNetworkS.r.l/E-Commerce - FOTO PRODOTTO 2019_2022_2023_2024_2025/PASTIGLIE/CM56/822CM56.jpg -> SKU 822CM56 -> uid 41158900: OK
[63/1480] /Users/anna.nardi/Library/CloudStorage/OneDrive-Raccoltecondivise-DuckyNetworkS.r.l/E-Commerce - FOTO PRODOTTO 2019_2022_2023_2024_2025/PASTIGLIE/CM56/826CM56.jpg -> SKU 826CM56 -> uid 41158902: OK
[64/1480] /Users/anna.nardi/Library/CloudStorage/OneDrive-Raccoltecondivise-DuckyNetworkS.r.l/E-Commerce - FOTO PRODOTTO 2019_2022_2023_2024_2025/PASTIGLIE/SM1/826SM1.jpg -> SKU 826SM1 -> uid 41158903: OK
[65/1480] /Users/anna.nardi/Library/CloudStorage/OneDrive-Raccoltecondivise-DuckyNetworkS.r.l/E-Commerce - FOTO PRODOTTO 2019_2022_2023_2024_2025/PASTIGLIE/CM55/827CM55.jpg -> SKU 827CM55 -> uid 41158904: OK
[66/1480] /Users/anna.nardi/Library/CloudStorage/OneDrive-Raccoltecondivise-DuckyNetworkS.r.l/E-Commerce - FOTO PRODOTTO 2019_2022_2023_2024_2025/PASTIGLIE/CM66/827CM66.jpg -> SKU 827CM66 -> uid 41158905: OK
[67/1480] /Users/anna.nardi/Library/CloudStorage/OneDrive-Raccoltecondivise-DuckyNetworkS.r.l/E-Commerce - FOTO PRODOTTO 2019_2022_2023_2024_2025/PASTIGLIE/CM56/828CM56.jpg -> SKU 828CM56 -> uid 41158907: OK
[68/1480] /Users/anna.nardi/Library/CloudStorage/OneDrive-Raccoltecondivise-DuckyNetworkS.r.l/E-Commerce - FOTO PRODOTTO 2019_2022_2023_2024_2025/PASTIGLIE/CM46/831CM46.jpg -> SKU 831CM46 -> uid 41158910: OK
[69/1480] /Users/anna.nardi/Library/CloudStorage/OneDrive-Raccoltecondivise-DuckyNetworkS.r.l/E-Commerce - FOTO PRODOTTO 2019_2022_2023_2024_2025/PASTIGLIE/CM46/832CM46.jpg -> SKU 832CM46 -> uid 41158912: OK
[70/1480] /Users/anna.nardi/Library/CloudStorage/OneDrive-Raccoltecondivise-DuckyNetworkS.r.l/E-Commerce - FOTO PRODOTTO 2019_2022_2023_2024_2025/PASTIGLIE/CM77/843CM77.jpg -> SKU 843CM77 -> uid 41158916: OK
[71/1480] /Users/anna.nardi/Library/CloudStorage/OneDrive-Raccoltecondivise-DuckyNetworkS.r.l/E-Commerce - FOTO PRODOTTO 2019_2022_2023_2024_2025/PASTIGLIE/CM44/856CM44.jpg -> SKU 856CM44 -> uid 41158919: OK
[72/1480] /Users/anna.nardi/Library/CloudStorage/OneDrive-Raccoltecondivise-DuckyNetworkS.r.l/E-Commerce - FOTO PRODOTTO 2019_2022_2023_2024_2025/PASTIGLIE/CM44/857CM44.jpg -> SKU 857CM44 -> uid 41158920: OK
[73/1480] /Users/anna.nardi/Library/CloudStorage/OneDrive-Raccoltecondivise-DuckyNetworkS.r.l/E-Commerce - FOTO PRODOTTO 2019_2022_2023_2024_2025/PASTIGLIE/CM44/860CM44.jpg -> SKU 860CM44 -> uid 41158921: OK
[74/1480] /Users/anna.nardi/Library/CloudStorage/OneDrive-Raccoltecondivise-DuckyNetworkS.r.l/E-Commerce - FOTO PRODOTTO 2019_2022_2023_2024_2025/PASTIGLIE/CM55/870CM55.jpg -> SKU 870CM55 -> uid 41158926: OK
[75/1480] /Users/anna.nardi/Library/CloudStorage/OneDrive-Raccoltecondivise-DuckyNetworkS.r.l/E-Commerce - FOTO PRODOTTO 2019_2022_2023_2024_2025/PASTIGLIE/CM66/870CM66.jpg -> SKU 870CM66 -> uid 41158927: OK
[76/1480] /Users/anna.nardi/Library/CloudStorage/OneDrive-Raccoltecondivise-DuckyNetworkS.r.l/E-Commerce - FOTO PRODOTTO 2019_2022_2023_2024_2025/PASTIGLIE/CM44/873CM44.jpg -> SKU 873CM44 -> uid 41158930: OK
[77/1480] /Users/anna.nardi/Library/CloudStorage/OneDrive-Raccoltecondivise-DuckyNetworkS.r.l/E-Commerce - FOTO PRODOTTO 2019_2022_2023_2024_2025/PASTIGLIE/CM56/875CM56.jpg -> SKU 875CM56 -> uid 41158931: OK
[78/1480] /Users/anna.nardi/Library/CloudStorage/OneDrive-Raccoltecondivise-DuckyNetworkS.r.l/E-Commerce - FOTO PRODOTTO 2019_2022_2023_2024_2025/PASTIGLIE/SM1/878SM1.jpg -> SKU 878SM1 -> uid 41158933: OK
[79/1480] /Users/anna.nardi/Library/CloudStorage/OneDrive-Raccoltecondivise-DuckyNetworkS.r.l/E-Commerce - FOTO PRODOTTO 2019_2022_2023_2024_2025/PASTIGLIE/CM55/879CM55.jpg -> SKU 879CM55 -> uid 41158934: OK
[80/1480] /Users/anna.nardi/Library/CloudStorage/OneDrive-Raccoltecondivise-DuckyNetworkS.r.l/E-Commerce - FOTO PRODOTTO 2019_2022_2023_2024_2025/PASTIGLIE/CM44/886CM44.jpg -> SKU 886CM44 -> uid 41158937: OK
[81/1480] /Users/anna.nardi/Library/CloudStorage/OneDrive-Raccoltecondivise-DuckyNetworkS.r.l/E-Commerce - FOTO PRODOTTO 2019_2022_2023_2024_2025/PASTIGLIE/CM46/886CM46.jpg -> SKU 886CM46 -> uid 41158938: OK
[82/1480] /Users/anna.nardi/Library/CloudStorage/OneDrive-Raccoltecondivise-DuckyNetworkS.r.l/E-Commerce - FOTO PRODOTTO 2019_2022_2023_2024_2025/PASTIGLIE/CM44/890CM44.jpg -> SKU 890CM44 -> uid 41158942: OK
[83/1480] /Users/anna.nardi/Library/CloudStorage/OneDrive-Raccoltecondivise-DuckyNetworkS.r.l/E-Commerce - FOTO PRODOTTO 2019_2022_2023_2024_2025/PASTIGLIE/CM46/890CM46.jpg -> SKU 890CM46 -> uid 41158943: OK
[84/1480] /Users/anna.nardi/Library/CloudStorage/OneDrive-Raccoltecondivise-DuckyNetworkS.r.l/E-Commerce - FOTO PRODOTTO 2019_2022_2023_2024_2025/PASTIGLIE/CM44/891CM44.jpg -> SKU 891CM44 -> uid 41158945: OK
[85/1480] /Users/anna.nardi/Library/CloudStorage/OneDrive-Raccoltecondivise-DuckyNetworkS.r.l/E-Commerce - FOTO PRODOTTO 2019_2022_2023_2024_2025/PASTIGLIE/CM46/891CM46.jpg -> SKU 891CM46 -> uid 41158946: OK
[86/1480] /Users/anna.nardi/Library/CloudStorage/OneDrive-Raccoltecondivise-DuckyNetworkS.r.l/E-Commerce - FOTO PRODOTTO 2019_2022_2023_2024_2025/PASTIGLIE/CM55/892CM55.jpg -> SKU 892CM55 -> uid 41158948: OK
[87/1480] /Users/anna.nardi/Library/CloudStorage/OneDrive-Raccoltecondivise-DuckyNetworkS.r.l/E-Commerce - FOTO PRODOTTO 2019_2022_2023_2024_2025/PASTIGLIE/CM55/893CM55.jpg -> SKU 893CM55 -> uid 41158950: OK
[88/1480] /Users/anna.nardi/Library/CloudStorage/OneDrive-Raccoltecondivise-DuckyNetworkS.r.l/E-Commerce - FOTO PRODOTTO 2019_2022_2023_2024_2025/PASTIGLIE/CM66/893CM66.jpg -> SKU 893CM66 -> uid 41158951: OK
[89/1480] /Users/anna.nardi/Library/CloudStorage/OneDrive-Raccoltecondivise-DuckyNetworkS.r.l/E-Commerce - FOTO PRODOTTO 2019_2022_2023_2024_2025/PASTIGLIE/CM44/894CM44.jpg -> SKU 894CM44 -> uid 41158952: OK
[90/1480] /Users/anna.nardi/Library/CloudStorage/OneDrive-Raccoltecondivise-DuckyNetworkS.r.l/E-Commerce - FOTO PRODOTTO 2019_2022_2023_2024_2025/PASTIGLIE/CM55/895CM55.jpg -> SKU 895CM55 -> uid 41158953: OK
[91/1480] /Users/anna.nardi/Library/CloudStorage/OneDrive-Raccoltecondivise-DuckyNetworkS.r.l/E-Commerce - FOTO PRODOTTO 2019_2022_2023_2024_2025/PASTIGLIE/CM44/897CM44.jpg -> SKU 897CM44 -> uid 41158955: OK
[92/1480] /Users/anna.nardi/Library/CloudStorage/OneDrive-Raccoltecondivise-DuckyNetworkS.r.l/E-Commerce - FOTO PRODOTTO 2019_2022_2023_2024_2025/PASTIGLIE/CM55/898CM55.jpg -> SKU 898CM55 -> uid 41158956: OK
[93/1480] /Users/anna.nardi/Library/CloudStorage/OneDrive-Raccoltecondivise-DuckyNetworkS.r.l/E-Commerce - FOTO PRODOTTO 2019_2022_2023_2024_2025/PASTIGLIE/CM66/898CM66.jpg -> SKU 898CM66 -> uid 41158957: OK
[94/1480] /Users/anna.nardi/Library/CloudStorage/OneDrive-Raccoltecondivise-DuckyNetworkS.r.l/E-Commerce - FOTO PRODOTTO 2019_2022_2023_2024_2025/PASTIGLIE/CM55/899CM55.jpg -> SKU 899CM55 -> uid 41158958: OK
[95/1480] /Users/anna.nardi/Library/CloudStorage/OneDrive-Raccoltecondivise-DuckyNetworkS.r.l/E-Commerce - FOTO PRODOTTO 2019_2022_2023_2024_2025/PASTIGLIE/CM66/899CM66.jpg -> SKU 899CM66 -> uid 41158959: OK
[96/1480] /Users/anna.nardi/Library/CloudStorage/OneDrive-Raccoltecondivise-DuckyNetworkS.r.l/E-Commerce - FOTO PRODOTTO 2019_2022_2023_2024_2025/PASTIGLIE/CM77/900CM77.jpg -> SKU 900CM77 -> uid 41158960: OK
[97/1480] /Users/anna.nardi/Library/CloudStorage/OneDrive-Raccoltecondivise-DuckyNetworkS.r.l/E-Commerce - FOTO PRODOTTO 2019_2022_2023_2024_2025/PASTIGLIE/SM1/900sm1.jpg -> SKU 900SM1 -> uid 41158961: OK
[98/1480] /Users/anna.nardi/Library/CloudStorage/OneDrive-Raccoltecondivise-DuckyNetworkS.r.l/E-Commerce - FOTO PRODOTTO 2019_2022_2023_2024_2025/PASTIGLIE/CM88/901CM88.jpg -> SKU 901CM88 -> uid 41158962: OK
[99/1480] /Users/anna.nardi/Library/CloudStorage/OneDrive-Raccoltecondivise-DuckyNetworkS.r.l/E-Commerce - FOTO PRODOTTO 2019_2022_2023_2024_2025/PASTIGLIE/CM44/905CM44.jpg -> SKU 905CM44 -> uid 41158966: OK
[100/1480] /Users/anna.nardi/Library/CloudStorage/OneDrive-Raccoltecondivise-DuckyNetworkS.r.l/E-Commerce - FOTO PRODOTTO 2019_2022_2023_2024_2025/PASTIGLIE/CM55/906CM55.jpg -> SKU 906CM55 -> uid 41158967: OK
[101/1480] /Users/anna.nardi/Library/CloudStorage/OneDrive-Raccoltecondivise-DuckyNetworkS.r.l/E-Commerce - FOTO PRODOTTO 2019_2022_2023_2024_2025/PASTIGLIE/CM56/907CM56.jpg -> SKU 907CM56 -> uid 41158968: OK
[102/1480] /Users/anna.nardi/Library/CloudStorage/OneDrive-Raccoltecondivise-DuckyNetworkS.r.l/E-Commerce - FOTO PRODOTTO 2019_2022_2023_2024_2025/PASTIGLIE/CM55/910CM55.jpg -> SKU 910CM55 -> uid 41158971: OK
[103/1480] /Users/anna.nardi/Library/CloudStorage/OneDrive-Raccoltecondivise-DuckyNetworkS.r.l/E-Commerce - FOTO PRODOTTO 2019_2022_2023_2024_2025/PASTIGLIE/CM44/911CM44.jpg -> SKU 911CM44 -> uid 41158973: OK
[104/1480] /Users/anna.nardi/Library/CloudStorage/OneDrive-Raccoltecondivise-DuckyNetworkS.r.l/E-Commerce - FOTO PRODOTTO 2019_2022_2023_2024_2025/PASTIGLIE/CM56/924CM56.jpg -> SKU 924CM56 -> uid 41158975: OK
[105/1480] /Users/anna.nardi/Library/CloudStorage/OneDrive-Raccoltecondivise-DuckyNetworkS.r.l/E-Commerce - FOTO PRODOTTO 2019_2022_2023_2024_2025/PASTIGLIE/CM56/925CM56.jpg -> SKU 925CM56 -> uid 41158977: OK
[106/1480] /Users/anna.nardi/Library/CloudStorage/OneDrive-Raccoltecondivise-DuckyNetworkS.r.l/E-Commerce - FOTO PRODOTTO 2019_2022_2023_2024_2025/PASTIGLIE/CM55/927CM55.jpg -> SKU 927CM55 -> uid 41158980: OK
[107/1480] /Users/anna.nardi/Library/CloudStorage/OneDrive-Raccoltecondivise-DuckyNetworkS.r.l/E-Commerce - FOTO PRODOTTO 2019_2022_2023_2024_2025/PASTIGLIE/CM66/927CM66.jpg -> SKU 927CM66 -> uid 41158981: OK
[108/1480] /Users/anna.nardi/Library/CloudStorage/OneDrive-Raccoltecondivise-DuckyNetworkS.r.l/E-Commerce - FOTO PRODOTTO 2019_2022_2023_2024_2025/PASTIGLIE/CM55/928CM55.jpg -> SKU 928CM55 -> uid 41158982: OK
[109/1480] /Users/anna.nardi/Library/CloudStorage/OneDrive-Raccoltecondivise-DuckyNetworkS.r.l/E-Commerce - FOTO PRODOTTO 2019_2022_2023_2024_2025/PASTIGLIE/CM66/928CM66.jpg -> SKU 928CM66 -> uid 41158983: OK
[110/1480] /Users/anna.nardi/Library/CloudStorage/OneDrive-Raccoltecondivise-DuckyNetworkS.r.l/E-Commerce - FOTO PRODOTTO 2019_2022_2023_2024_2025/PASTIGLIE/CM44/929CM44.jpg -> SKU 929CM44 -> uid 41158984: OK
[111/1480] /Users/anna.nardi/Library/CloudStorage/OneDrive-Raccoltecondivise-DuckyNetworkS.r.l/E-Commerce - FOTO PRODOTTO 2019_2022_2023_2024_2025/PASTIGLIE/CM46/929CM46.jpg -> SKU 929CM46 -> uid 41158985: OK
[112/1480] /Users/anna.nardi/Library/CloudStorage/OneDrive-Raccoltecondivise-DuckyNetworkS.r.l/E-Commerce - FOTO PRODOTTO 2019_2022_2023_2024_2025/PASTIGLIE/CM55/930CM55.jpg -> SKU 930CM55 -> uid 41158986: OK
[113/1480] /Users/anna.nardi/Library/CloudStorage/OneDrive-Raccoltecondivise-DuckyNetworkS.r.l/E-Commerce - FOTO PRODOTTO 2019_2022_2023_2024_2025/PASTIGLIE/CM66/930CM66.jpg -> SKU 930CM66 -> uid 41158987: OK
[114/1480] /Users/anna.nardi/Library/CloudStorage/OneDrive-Raccoltecondivise-DuckyNetworkS.r.l/E-Commerce - FOTO PRODOTTO 2019_2022_2023_2024_2025/PASTIGLIE/CM55/931CM55.jpg -> SKU 931CM55 -> uid 41158988: OK
[115/1480] /Users/anna.nardi/Library/CloudStorage/OneDrive-Raccoltecondivise-DuckyNetworkS.r.l/E-Commerce - FOTO PRODOTTO 2019_2022_2023_2024_2025/PASTIGLIE/CM55/932CM55.jpg -> SKU 932CM55 -> uid 41158989: OK
[116/1480] /Users/anna.nardi/Library/CloudStorage/OneDrive-Raccoltecondivise-DuckyNetworkS.r.l/E-Commerce - FOTO PRODOTTO 2019_2022_2023_2024_2025/PASTIGLIE/CM66/932CM66.jpg -> SKU 932CM66 -> uid 41158990: OK
[117/1480] /Users/anna.nardi/Library/CloudStorage/OneDrive-Raccoltecondivise-DuckyNetworkS.r.l/E-Commerce - FOTO PRODOTTO 2019_2022_2023_2024_2025/PASTIGLIE/CM55/933CM55.jpg -> SKU 933CM55 -> uid 41158991: OK
[118/1480] /Users/anna.nardi/Library/CloudStorage/OneDrive-Raccoltecondivise-DuckyNetworkS.r.l/E-Commerce - FOTO PRODOTTO 2019_2022_2023_2024_2025/PASTIGLIE/CM77/934CM77.jpg -> SKU 934CM77 -> uid 41158993: OK
[119/1480] /Users/anna.nardi/Library/CloudStorage/OneDrive-Raccoltecondivise-DuckyNetworkS.r.l/E-Commerce - FOTO PRODOTTO 2019_2022_2023_2024_2025/PASTIGLIE/SM1/934SM1.jpg -> SKU 934SM1 -> uid 41158994: OK
[120/1480] /Users/anna.nardi/Library/CloudStorage/OneDrive-Raccoltecondivise-DuckyNetworkS.r.l/E-Commerce - FOTO PRODOTTO 2019_2022_2023_2024_2025/PASTIGLIE/CM44/935CM44.jpg -> SKU 935CM44 -> uid 41158997: OK
[121/1480] /Users/anna.nardi/Library/CloudStorage/OneDrive-Raccoltecondivise-DuckyNetworkS.r.l/E-Commerce - FOTO PRODOTTO 2019_2022_2023_2024_2025/PASTIGLIE/CM44/936CM44.jpg -> SKU 936CM44 -> uid 41158998: OK
[122/1480] /Users/anna.nardi/Library/CloudStorage/OneDrive-Raccoltecondivise-DuckyNetworkS.r.l/E-Commerce - FOTO PRODOTTO 2019_2022_2023_2024_2025/PASTIGLIE/CM56/938CM56.jpg -> SKU 938CM56 -> uid 41158999: OK
[123/1480] /Users/anna.nardi/Library/CloudStorage/OneDrive-Raccoltecondivise-DuckyNetworkS.r.l/E-Commerce - FOTO PRODOTTO 2019_2022_2023_2024_2025/PASTIGLIE/CM55/939CM55.jpg -> SKU 939CM55 -> uid 41159000: OK
[124/1480] /Users/anna.nardi/Library/CloudStorage/OneDrive-Raccoltecondivise-DuckyNetworkS.r.l/E-Commerce - FOTO PRODOTTO 2019_2022_2023_2024_2025/PASTIGLIE/CM44/940CM44.jpg -> SKU 940CM44 -> uid 41159001: OK
[125/1480] /Users/anna.nardi/Library/CloudStorage/OneDrive-Raccoltecondivise-DuckyNetworkS.r.l/E-Commerce - FOTO PRODOTTO 2019_2022_2023_2024_2025/PASTIGLIE/CM55/941CM55.jpg -> SKU 941CM55 -> uid 41159003: OK
[126/1480] /Users/anna.nardi/Library/CloudStorage/OneDrive-Raccoltecondivise-DuckyNetworkS.r.l/E-Commerce - FOTO PRODOTTO 2019_2022_2023_2024_2025/PASTIGLIE/CM66/941CM66.jpg -> SKU 941CM66 -> uid 41159004: OK
[127/1480] /Users/anna.nardi/Library/CloudStorage/OneDrive-Raccoltecondivise-DuckyNetworkS.r.l/E-Commerce - FOTO PRODOTTO 2019_2022_2023_2024_2025/PASTIGLIE/CM56/942CM56.jpg -> SKU 942CM56 -> uid 41159005: OK
[128/1480] /Users/anna.nardi/Library/CloudStorage/OneDrive-Raccoltecondivise-DuckyNetworkS.r.l/E-Commerce - FOTO PRODOTTO 2019_2022_2023_2024_2025/PASTIGLIE/CM77/943CM77.jpg -> SKU 943CM77 -> uid 41159007: OK
[129/1480] /Users/anna.nardi/Library/CloudStorage/OneDrive-Raccoltecondivise-DuckyNetworkS.r.l/E-Commerce - FOTO PRODOTTO 2019_2022_2023_2024_2025/PASTIGLIE/SM1/943SM1.jpg -> SKU 943SM1 -> uid 41159008: OK
[130/1480] /Users/anna.nardi/Library/CloudStorage/OneDrive-Raccoltecondivise-DuckyNetworkS.r.l/E-Commerce - FOTO PRODOTTO 2019_2022_2023_2024_2025/PASTIGLIE/CM88/944CM88.jpg -> SKU 944CM88 -> uid 41159009: OK
[131/1480] /Users/anna.nardi/Library/CloudStorage/OneDrive-Raccoltecondivise-DuckyNetworkS.r.l/E-Commerce - FOTO PRODOTTO 2019_2022_2023_2024_2025/PASTIGLIE/SM1/944SM1.jpg -> SKU 944SM1 -> uid 41159010: OK
[132/1480] /Users/anna.nardi/Library/CloudStorage/OneDrive-Raccoltecondivise-DuckyNetworkS.r.l/E-Commerce - FOTO PRODOTTO 2019_2022_2023_2024_2025/PASTIGLIE/CM55/947CM55.jpg -> SKU 947CM55 -> uid 41159012: OK
[133/1480] /Users/anna.nardi/Library/CloudStorage/OneDrive-Raccoltecondivise-DuckyNetworkS.r.l/E-Commerce - FOTO PRODOTTO 2019_2022_2023_2024_2025/PASTIGLIE/CM66/947CM66.jpg -> SKU 947CM66 -> uid 41159013: OK
[134/1480] /Users/anna.nardi/Library/CloudStorage/OneDrive-Raccoltecondivise-DuckyNetworkS.r.l/E-Commerce - FOTO PRODOTTO 2019_2022_2023_2024_2025/PASTIGLIE/CM44/949CM44.jpg -> SKU 949CM44 -> uid 41159015: OK
[135/1480] /Users/anna.nardi/Library/CloudStorage/OneDrive-Raccoltecondivise-DuckyNetworkS.r.l/E-Commerce - FOTO PRODOTTO 2019_2022_2023_2024_2025/PASTIGLIE/CM55/950CM55.jpg -> SKU 950CM55 -> uid 41159016: OK
[136/1480] /Users/anna.nardi/Library/CloudStorage/OneDrive-Raccoltecondivise-DuckyNetworkS.r.l/E-Commerce - FOTO PRODOTTO 2019_2022_2023_2024_2025/PASTIGLIE/CM88/951CM88.jpg -> SKU 951CM88 -> uid 41159017: OK
[137/1480] /Users/anna.nardi/Library/CloudStorage/OneDrive-Raccoltecondivise-DuckyNetworkS.r.l/E-Commerce - FOTO PRODOTTO 2019_2022_2023_2024_2025/PASTIGLIE/CM55/952CM55.jpg -> SKU 952CM55 -> uid 41159019: OK
[138/1480] /Users/anna.nardi/Library/CloudStorage/OneDrive-Raccoltecondivise-DuckyNetworkS.r.l/E-Commerce - FOTO PRODOTTO 2019_2022_2023_2024_2025/PASTIGLIE/CM44/955CM44.jpg -> SKU 955CM44 -> uid 41159022: OK
[139/1480] /Users/anna.nardi/Library/CloudStorage/OneDrive-Raccoltecondivise-DuckyNetworkS.r.l/E-Commerce - FOTO PRODOTTO 2019_2022_2023_2024_2025/PASTIGLIE/CM56/956CM56.jpg -> SKU 956CM56 -> uid 41159023: OK
[140/1480] /Users/anna.nardi/Library/CloudStorage/OneDrive-Raccoltecondivise-DuckyNetworkS.r.l/E-Commerce - FOTO PRODOTTO 2019_2022_2023_2024_2025/PASTIGLIE/CM56/957CM56.jpg -> SKU 957CM56 -> uid 41159024: OK
[141/1480] /Users/anna.nardi/Library/CloudStorage/OneDrive-Raccoltecondivise-DuckyNetworkS.r.l/E-Commerce - FOTO PRODOTTO 2019_2022_2023_2024_2025/PASTIGLIE/CM55/959CM55.jpg -> SKU 959CM55 -> uid 41159026: OK
[142/1480] /Users/anna.nardi/Library/CloudStorage/OneDrive-Raccoltecondivise-DuckyNetworkS.r.l/E-Commerce - FOTO PRODOTTO 2019_2022_2023_2024_2025/PASTIGLIE/CM66/959CM66.jpg -> SKU 959CM66 -> uid 41159027: OK
[143/1480] /Users/anna.nardi/Library/CloudStorage/OneDrive-Raccoltecondivise-DuckyNetworkS.r.l/E-Commerce - FOTO PRODOTTO 2019_2022_2023_2024_2025/PASTIGLIE/CM55/960CM55.jpg -> SKU 960CM55 -> uid 41159028: OK
[144/1480] /Users/anna.nardi/Library/CloudStorage/OneDrive-Raccoltecondivise-DuckyNetworkS.r.l/E-Commerce - FOTO PRODOTTO 2019_2022_2023_2024_2025/PASTIGLIE/CM56/962CM56.jpg -> SKU 962CM56 -> uid 41159030: OK
[145/1480] /Users/anna.nardi/Library/CloudStorage/OneDrive-Raccoltecondivise-DuckyNetworkS.r.l/E-Commerce - FOTO PRODOTTO 2019_2022_2023_2024_2025/PASTIGLIE/SM1/963SM1.jpg -> SKU 963SM1 -> uid 41159031: OK
[146/1480] /Users/anna.nardi/Library/CloudStorage/OneDrive-Raccoltecondivise-DuckyNetworkS.r.l/E-Commerce - FOTO PRODOTTO 2019_2022_2023_2024_2025/PASTIGLIE/CM55/964CM55.jpg -> SKU 964CM55 -> uid 41159032: OK
[147/1480] /Users/anna.nardi/Library/CloudStorage/OneDrive-Raccoltecondivise-DuckyNetworkS.r.l/E-Commerce - FOTO PRODOTTO 2019_2022_2023_2024_2025/PASTIGLIE/SM1/966SM1.jpg -> SKU 966SM1 -> uid 41159034: OK
[148/1480] /Users/anna.nardi/Library/CloudStorage/OneDrive-Raccoltecondivise-DuckyNetworkS.r.l/E-Commerce - FOTO PRODOTTO 2019_2022_2023_2024_2025/PASTIGLIE/SM1/967SM1.jpg -> SKU 967SM1 -> uid 41159035: OK
[149/1480] /Users/anna.nardi/Library/CloudStorage/OneDrive-Raccoltecondivise-DuckyNetworkS.r.l/E-Commerce - FOTO PRODOTTO 2019_2022_2023_2024_2025/PASTIGLIE/CM55/968CM55.jpg -> SKU 968CM55 -> uid 41159036: OK
[150/1480] /Users/anna.nardi/Library/CloudStorage/OneDrive-Raccoltecondivise-DuckyNetworkS.r.l/E-Commerce - FOTO PRODOTTO 2019_2022_2023_2024_2025/PASTIGLIE/CM55/970CM55.jpg -> SKU 970CM55 -> uid 41159038: OK
[151/1480] /Users/anna.nardi/Library/CloudStorage/OneDrive-Raccoltecondivise-DuckyNetworkS.r.l/E-Commerce - FOTO PRODOTTO 2019_2022_2023_2024_2025/PASTIGLIE/CM56/970CM56.jpg -> SKU 970CM56 -> uid 41159039: OK
[152/1480] /Users/anna.nardi/Library/CloudStorage/OneDrive-Raccoltecondivise-DuckyNetworkS.r.l/E-Commerce - FOTO PRODOTTO 2019_2022_2023_2024_2025/PASTIGLIE/CM55/971CM55.jpg -> SKU 971CM55 -> uid 41159040: OK
[153/1480] /Users/anna.nardi/Library/CloudStorage/OneDrive-Raccoltecondivise-DuckyNetworkS.r.l/E-Commerce - FOTO PRODOTTO 2019_2022_2023_2024_2025/PASTIGLIE/CM77/973CM77.jpg -> SKU 973CM77 -> uid 41159043: OK
[154/1480] /Users/anna.nardi/Library/CloudStorage/OneDrive-Raccoltecondivise-DuckyNetworkS.r.l/E-Commerce - FOTO PRODOTTO 2019_2022_2023_2024_2025/PASTIGLIE/CM88/974CM88.jpg -> SKU 974CM88 -> uid 41159044: OK
[155/1480] /Users/anna.nardi/Library/CloudStorage/OneDrive-Raccoltecondivise-DuckyNetworkS.r.l/E-Commerce - FOTO PRODOTTO 2019_2022_2023_2024_2025/PASTIGLIE/CM46/977CM46.jpg -> SKU 977CM46 -> uid 41159047: OK
[156/1480] /Users/anna.nardi/Library/CloudStorage/OneDrive-Raccoltecondivise-DuckyNetworkS.r.l/E-Commerce - FOTO PRODOTTO 2019_2022_2023_2024_2025/PASTIGLIE/CM55/978CM55.jpg -> SKU 978CM55 -> uid 41159048: OK
[157/1480] /Users/anna.nardi/Library/CloudStorage/OneDrive-Raccoltecondivise-DuckyNetworkS.r.l/E-Commerce - FOTO PRODOTTO 2019_2022_2023_2024_2025/PASTIGLIE/SM1/981SM1.jpg -> SKU 981SM1 -> uid 41159050: OK
[158/1480] /Users/anna.nardi/Library/CloudStorage/OneDrive-Raccoltecondivise-DuckyNetworkS.r.l/E-Commerce - FOTO PRODOTTO 2019_2022_2023_2024_2025/PASTIGLIE/SM1/982SM1.jpg -> SKU 982SM1 -> uid 41159051: OK
[159/1480] /Users/anna.nardi/Library/CloudStorage/OneDrive-Raccoltecondivise-DuckyNetworkS.r.l/E-Commerce - FOTO PRODOTTO 2019_2022_2023_2024_2025/PASTIGLIE/SM1/984SM1.jpg -> SKU 984SM1 -> uid 41159053: OK
[160/1480] /Users/anna.nardi/Library/CloudStorage/OneDrive-Raccoltecondivise-DuckyNetworkS.r.l/E-Commerce - FOTO PRODOTTO 2019_2022_2023_2024_2025/PASTIGLIE/SM1/985SM1.jpg -> SKU 985SM1 -> uid 41159054: OK
[161/1480] /Users/anna.nardi/Library/CloudStorage/OneDrive-Raccoltecondivise-DuckyNetworkS.r.l/E-Commerce - FOTO PRODOTTO 2019_2022_2023_2024_2025/PASTIGLIE/SM1/986SM1.jpg -> SKU 986SM1 -> uid 41159055: OK
[162/1480] /Users/anna.nardi/Library/CloudStorage/OneDrive-Raccoltecondivise-DuckyNetworkS.r.l/E-Commerce - FOTO PRODOTTO 2019_2022_2023_2024_2025/PASTIGLIE/CM56/992CM56.jpg -> SKU 992CM56 -> uid 41159060: OK
[163/1480] /Users/anna.nardi/Library/CloudStorage/OneDrive-Raccoltecondivise-DuckyNetworkS.r.l/E-Commerce - FOTO PRODOTTO 2019_2022_2023_2024_2025/PASTIGLIE/CM55/994CM55.jpg -> SKU 994CM55 -> uid 41159062: OK
[164/1480] /Users/anna.nardi/Library/CloudStorage/OneDrive-Raccoltecondivise-DuckyNetworkS.r.l/E-Commerce - FOTO PRODOTTO 2019_2022_2023_2024_2025/PASTIGLIE/CM44/995CM44.jpg -> SKU 995CM44 -> uid 41159063: OK
[165/1480] /Users/anna.nardi/Library/CloudStorage/OneDrive-Raccoltecondivise-DuckyNetworkS.r.l/E-Commerce - FOTO PRODOTTO 2019_2022_2023_2024_2025/PASTIGLIE/CM46/995CM46.jpg -> SKU 995CM46 -> uid 41159064: OK
[166/1480] /Users/anna.nardi/Library/CloudStorage/OneDrive-Raccoltecondivise-DuckyNetworkS.r.l/E-Commerce - FOTO PRODOTTO 2019_2022_2023_2024_2025/PASTIGLIE/CM55/997CM55.jpg -> SKU 997CM55 -> uid 41159065: OK
[167/1480] /Users/anna.nardi/Library/CloudStorage/OneDrive-Raccoltecondivise-DuckyNetworkS.r.l/E-Commerce - FOTO PRODOTTO 2019_2022_2023_2024_2025/PASTIGLIE/SM1/999SM1.jpg -> SKU 999SM1 -> uid 41159066: OK
[168/1480] /Users/anna.nardi/Library/CloudStorage/OneDrive-Raccoltecondivise-DuckyNetworkS.r.l/E-Commerce - FOTO PRODOTTO 2019_2022_2023_2024_2025/DISCHI/W-FIX/AP08RID.jpg -> SKU AP08RID -> uid 41159069: OK
[169/1480] /Users/anna.nardi/Library/CloudStorage/OneDrive-Raccoltecondivise-DuckyNetworkS.r.l/E-Commerce - FOTO PRODOTTO 2019_2022_2023_2024_2025/DISCHI/R-FIX/AP10FI.jpg -> SKU AP10FI -> uid 41159072: OK
[170/1480] /Users/anna.nardi/Library/CloudStorage/OneDrive-Raccoltecondivise-DuckyNetworkS.r.l/E-Commerce - FOTO PRODOTTO 2019_2022_2023_2024_2025/DISCHI/W-FIX/AP10FID.jpg -> SKU AP10FID -> uid 41159073: OK
[171/1480] /Users/anna.nardi/Library/CloudStorage/OneDrive-Raccoltecondivise-DuckyNetworkS.r.l/E-Commerce - FOTO PRODOTTO 2019_2022_2023_2024_2025/DISCHI/R-FIX/AP11FI.jpg -> SKU AP11FI -> uid 41159074: OK
[172/1480] /Users/anna.nardi/Library/CloudStorage/OneDrive-Raccoltecondivise-DuckyNetworkS.r.l/E-Commerce - FOTO PRODOTTO 2019_2022_2023_2024_2025/DISCHI/W-FIX/AP11FID.jpg -> SKU AP11FID -> uid 41159075: OK
[173/1480] /Users/anna.nardi/Library/CloudStorage/OneDrive-Raccoltecondivise-DuckyNetworkS.r.l/E-Commerce - FOTO PRODOTTO 2019_2022_2023_2024_2025/DISCHI/R-FLO/AP13FL.jpg -> SKU AP13FL -> uid 41159076: OK
[174/1480] /Users/anna.nardi/Library/CloudStorage/OneDrive-Raccoltecondivise-DuckyNetworkS.r.l/E-Commerce - FOTO PRODOTTO 2019_2022_2023_2024_2025/DISCHI/R-FIX/AP16FI.jpg -> SKU AP16FI -> uid 41159077: OK
[175/1480] /Users/anna.nardi/Library/CloudStorage/OneDrive-Raccoltecondivise-DuckyNetworkS.r.l/E-Commerce - FOTO PRODOTTO 2019_2022_2023_2024_2025/DISCHI/W-FIX/AP16FID.jpg -> SKU AP16FID -> uid 41159078: OK
[176/1480] /Users/anna.nardi/Library/CloudStorage/OneDrive-Raccoltecondivise-DuckyNetworkS.r.l/E-Commerce - FOTO PRODOTTO 2019_2022_2023_2024_2025/DISCHI/R-FLO/AP19FL.jpg -> SKU AP19FL -> uid 41159079: OK
[177/1480] /Users/anna.nardi/Library/CloudStorage/OneDrive-Raccoltecondivise-DuckyNetworkS.r.l/E-Commerce - FOTO PRODOTTO 2019_2022_2023_2024_2025/DISCHI/W-FLO/AP19FLD.jpg -> SKU AP19FLD -> uid 41159080: OK
[178/1480] /Users/anna.nardi/Library/CloudStorage/OneDrive-Raccoltecondivise-DuckyNetworkS.r.l/E-Commerce - FOTO PRODOTTO 2019_2022_2023_2024_2025/DISCHI/W-FIX/AP20RID.jpg -> SKU AP20RID -> uid 41159081: OK
[179/1480] /Users/anna.nardi/Library/CloudStorage/OneDrive-Raccoltecondivise-DuckyNetworkS.r.l/E-Commerce - FOTO PRODOTTO 2019_2022_2023_2024_2025/DISCHI/R-FIX/AP21RI.jpg -> SKU AP21RI -> uid 41159082: OK
[180/1480] /Users/anna.nardi/Library/CloudStorage/OneDrive-Raccoltecondivise-DuckyNetworkS.r.l/E-Commerce - FOTO PRODOTTO 2019_2022_2023_2024_2025/DISCHI/W-FIX/AP21RID.jpg -> SKU AP21RID -> uid 41159083: OK
[181/1480] /Users/anna.nardi/Library/CloudStorage/OneDrive-Raccoltecondivise-DuckyNetworkS.r.l/E-Commerce - FOTO PRODOTTO 2019_2022_2023_2024_2025/DISCHI/ABS RING/AR0001.jpg -> SKU AR0001 -> uid 41159084: OK
[182/1480] /Users/anna.nardi/Library/CloudStorage/OneDrive-Raccoltecondivise-DuckyNetworkS.r.l/E-Commerce - FOTO PRODOTTO 2019_2022_2023_2024_2025/DISCHI/ABS RING/AR0002.jpg -> SKU AR0002 -> uid 41159085: OK
[183/1480] /Users/anna.nardi/Library/CloudStorage/OneDrive-Raccoltecondivise-DuckyNetworkS.r.l/E-Commerce - FOTO PRODOTTO 2019_2022_2023_2024_2025/CHAIN KITS_Braking/B520XRE006G.jpg -> SKU B520XRE006G -> uid 41231976: OK
[184/1480] /Users/anna.nardi/Library/CloudStorage/OneDrive-Raccoltecondivise-DuckyNetworkS.r.l/E-Commerce - FOTO PRODOTTO 2019_2022_2023_2024_2025/CHAIN KITS_Braking/B520XRE008G.jpg -> SKU B520XRE008G -> uid 41231979: OK
[185/1480] /Users/anna.nardi/Library/CloudStorage/OneDrive-Raccoltecondivise-DuckyNetworkS.r.l/E-Commerce - FOTO PRODOTTO 2019_2022_2023_2024_2025/CHAIN KITS_Braking/B520XRE012G.jpg -> SKU B520XRE012G -> uid 41159349: OK
[186/1480] /Users/anna.nardi/Library/CloudStorage/OneDrive-Raccoltecondivise-DuckyNetworkS.r.l/E-Commerce - FOTO PRODOTTO 2019_2022_2023_2024_2025/CHAIN KITS_Braking/B520XRE020G.jpg -> SKU B520XRE020G -> uid 41231980: OK
[187/1480] /Users/anna.nardi/Library/CloudStorage/OneDrive-Raccoltecondivise-DuckyNetworkS.r.l/E-Commerce - FOTO PRODOTTO 2019_2022_2023_2024_2025/CHAIN KITS_Braking/B520XRE021G.jpg -> SKU B520XRE021G -> uid 41231981: OK
[188/1480] /Users/anna.nardi/Library/CloudStorage/OneDrive-Raccoltecondivise-DuckyNetworkS.r.l/E-Commerce - FOTO PRODOTTO 2019_2022_2023_2024_2025/CHAIN KITS_Braking/B520XRE024G.jpg -> SKU B520XRE024G -> uid 41231982: OK
[189/1480] /Users/anna.nardi/Library/CloudStorage/OneDrive-Raccoltecondivise-DuckyNetworkS.r.l/E-Commerce - FOTO PRODOTTO 2019_2022_2023_2024_2025/CHAIN KITS_Braking/B520XRE025G.jpg -> SKU B520XRE025G -> uid 41231983: OK
[190/1480] /Users/anna.nardi/Library/CloudStorage/OneDrive-Raccoltecondivise-DuckyNetworkS.r.l/E-Commerce - FOTO PRODOTTO 2019_2022_2023_2024_2025/CHAIN KITS_Braking/B520XRE028G.jpg -> SKU B520XRE028G -> uid 41231984: OK
[191/1480] /Users/anna.nardi/Library/CloudStorage/OneDrive-Raccoltecondivise-DuckyNetworkS.r.l/E-Commerce - FOTO PRODOTTO 2019_2022_2023_2024_2025/CHAIN KITS_Braking/B520XRE032G.jpg -> SKU B520XRE032G -> uid 41231985: OK
[192/1480] /Users/anna.nardi/Library/CloudStorage/OneDrive-Raccoltecondivise-DuckyNetworkS.r.l/E-Commerce - FOTO PRODOTTO 2019_2022_2023_2024_2025/CHAIN KITS_Braking/B520XRE036G.jpg -> SKU B520XRE036G -> uid 41231986: OK
[193/1480] /Users/anna.nardi/Library/CloudStorage/OneDrive-Raccoltecondivise-DuckyNetworkS.r.l/E-Commerce - FOTO PRODOTTO 2019_2022_2023_2024_2025/CHAIN KITS_Braking/B520XRE037G.jpg -> SKU B520XRE037G -> uid 41231987: OK
